BL51 BANKED LINKER/LOCATER V6.22.4.0                                                    12/22/2023  18:00:44  PAGE 1


BL51 BANKED LINKER/LOCATER V6.22.4.0, INVOKED BY:
C:\KEIL_V5\C51\BIN\BL51.EXE .\obj\I2c.obj, .\obj\Main.obj, .\obj\Printf.obj, .\obj\mdin3xx.obj, .\obj\mdincoef.obj, .\ob
>> j\mdindly.obj, .\obj\mdinfrmt.obj, .\obj\mdinhtx.obj, .\obj\mdini2c.obj, .\obj\mdinipc.obj, .\obj\app340.obj, .\obj\m
>> dinaux.obj, .\obj\crc16.obj, .\obj\TP2825B.obj TO .\obj\TP2850_2825B PRINT (.\lst\TP2850_2825B.m51) RAMSIZE (256) COD
>> E (0X0000-0XEFFF) XDATA (0X0000-0X03FF)


MEMORY MODEL: LARGE WITH FLOATING POINT ARITHMETIC


INPUT MODULES INCLUDED:
  .\obj\I2c.obj (I2C)
  .\obj\Main.obj (MAIN)
  .\obj\Printf.obj (PRINTF)
  .\obj\mdin3xx.obj (MDIN3XX)
  .\obj\mdincoef.obj (MDINCOEF)
  .\obj\mdindly.obj (MDINDLY)
  .\obj\mdinfrmt.obj (MDINFRMT)
  .\obj\mdinhtx.obj (MDINHTX)
  .\obj\mdini2c.obj (MDINI2C)
  .\obj\mdinipc.obj (MDINIPC)
  .\obj\app340.obj (APP340)
  .\obj\mdinaux.obj (MDINAUX)
  .\obj\crc16.obj (CRC16)
  .\obj\TP2825B.obj (TP2825B)
  C:\KEIL_V5\C51\LIB\C51FPL.LIB (?C?FPMUL)
  C:\KEIL_V5\C51\LIB\C51FPL.LIB (?C?FPDIV)
  C:\KEIL_V5\C51\LIB\C51FPL.LIB (?C?FCAST)
  C:\KEIL_V5\C51\LIB\C51FPL.LIB (?C?CASTF)
  C:\KEIL_V5\C51\LIB\C51FPL.LIB (?C?FPGETOPN)
  C:\KEIL_V5\C51\LIB\C51L.LIB (?C_STARTUP)
  C:\KEIL_V5\C51\LIB\C51L.LIB (?C?COPY)
  C:\KEIL_V5\C51\LIB\C51L.LIB (?C?CLDPTR)
  C:\KEIL_V5\C51\LIB\C51L.LIB (?C?CLDOPTR)
  C:\KEIL_V5\C51\LIB\C51L.LIB (?C?CSTPTR)
  C:\KEIL_V5\C51\LIB\C51L.LIB (?C?CSTOPTR)
  C:\KEIL_V5\C51\LIB\C51L.LIB (?C?IMUL)
  C:\KEIL_V5\C51\LIB\C51L.LIB (?C?UIDIV)
  C:\KEIL_V5\C51\LIB\C51L.LIB (?C?SIDIV)
  C:\KEIL_V5\C51\LIB\C51L.LIB (?C?IILDX)
  C:\KEIL_V5\C51\LIB\C51L.LIB (?C?ILDPTR)
  C:\KEIL_V5\C51\LIB\C51L.LIB (?C?ILDOPTR)
  C:\KEIL_V5\C51\LIB\C51L.LIB (?C?IILDOPTR)
  C:\KEIL_V5\C51\LIB\C51L.LIB (?C?ISTPTR)
  C:\KEIL_V5\C51\LIB\C51L.LIB (?C?ISTOPTR)
  C:\KEIL_V5\C51\LIB\C51L.LIB (?C?LADD)
  C:\KEIL_V5\C51\LIB\C51L.LIB (?C?LSUB)
  C:\KEIL_V5\C51\LIB\C51L.LIB (?C?LMUL)
  C:\KEIL_V5\C51\LIB\C51L.LIB (?C?ULDIV)
  C:\KEIL_V5\C51\LIB\C51L.LIB (?C?LNEG)
  C:\KEIL_V5\C51\LIB\C51L.LIB (?C?SLCMP)
  C:\KEIL_V5\C51\LIB\C51L.LIB (?C?ULCMP)
  C:\KEIL_V5\C51\LIB\C51L.LIB (?C?ULSHR)
  C:\KEIL_V5\C51\LIB\C51L.LIB (?C?SLSHR)
  C:\KEIL_V5\C51\LIB\C51L.LIB (?C?LSHL)
  C:\KEIL_V5\C51\LIB\C51L.LIB (?C?LLDPTR)
  C:\KEIL_V5\C51\LIB\C51L.LIB (?C?LLDXDATA)
  C:\KEIL_V5\C51\LIB\C51L.LIB (?C?LLDXDATA0)
BL51 BANKED LINKER/LOCATER V6.22.4.0                                                  12/22/2023  18:00:44  PAGE 2


  C:\KEIL_V5\C51\LIB\C51L.LIB (?C?LSTXDATA)
  C:\KEIL_V5\C51\LIB\C51L.LIB (?C?LSTKXDATA)
  C:\KEIL_V5\C51\LIB\C51L.LIB (?C?OFFXADD)
  C:\KEIL_V5\C51\LIB\C51L.LIB (?C?PLDXDATA)
  C:\KEIL_V5\C51\LIB\C51L.LIB (?C?PLDIXDATA)
  C:\KEIL_V5\C51\LIB\C51L.LIB (?C?PSTXDATA)
  C:\KEIL_V5\C51\LIB\C51L.LIB (?C?PLDPTR)
  C:\KEIL_V5\C51\LIB\C51L.LIB (?C?PLDOPTR)
  C:\KEIL_V5\C51\LIB\C51L.LIB (?C?PSTOPTR)
  C:\KEIL_V5\C51\LIB\C51L.LIB (?C?CCASE)
  C:\KEIL_V5\C51\LIB\C51L.LIB (ABS)
  C:\KEIL_V5\C51\LIB\C51L.LIB (?C?STRCMP)
  C:\KEIL_V5\C51\LIB\C51L.LIB (?C?MEMSET)
  C:\KEIL_V5\C51\LIB\C51L.LIB (?C_INIT)
  C:\KEIL_V5\C51\LIB\C51L.LIB (?C?LLDIDATA)
  C:\KEIL_V5\C51\LIB\C51L.LIB (?C?LLDPDATA)
  C:\KEIL_V5\C51\LIB\C51L.LIB (?C?LLDCODE)
  C:\KEIL_V5\C51\LIB\C51L.LIB (?C?PLDIDATA)
  C:\KEIL_V5\C51\LIB\C51L.LIB (?C?PSTIDATA)
  C:\KEIL_V5\C51\LIB\C51L.LIB (?C?PLDPDATA)
  C:\KEIL_V5\C51\LIB\C51L.LIB (?C?PSTPDATA)
  C:\KEIL_V5\C51\LIB\C51L.LIB (?C?PLDCODE)


LINK MAP OF MODULE:  .\obj\TP2850_2825B (I2C)


            TYPE    BASE      LENGTH    RELOCATION   SEGMENT NAME
            -----------------------------------------------------

            * * * * * * *   D A T A   M E M O R Y   * * * * * * *
            REG     0000H     0008H     ABSOLUTE     "REG BANK 0"
            DATA    0008H     0002H     UNIT         ?DT?MDINI2C
            IDATA   000AH     0007H     UNIT         ?ID?TP2825B
                    0011H     000FH                  *** GAP ***
            BIT     0020H.0   0001H.6   UNIT         ?BI?MAIN
            BIT     0021H.6   0000H.6   UNIT         _BIT_GROUP_
            BIT     0022H.4   0000H.2   UNIT         ?BI?MDINHTX
            BIT     0022H.6   0000H.1   UNIT         ?BI?MDIN3XX
            BIT     0022H.7   0000H.1   UNIT         ?BI?TP2825B
            IDATA   0023H     0001H     UNIT         ?STACK

            * * * * * * *  X D A T A   M E M O R Y  * * * * * * *
            XDATA   0000H     016AH     UNIT         ?XD?APP340
            XDATA   016AH     00B7H     UNIT         ?XD?MAIN
            XDATA   0221H     0097H     UNIT         _XDATA_GROUP_
            XDATA   02B8H     001EH     UNIT         ?XD?MDIN3XX
            XDATA   02D6H     001AH     UNIT         ?XD?TP2825B
            XDATA   02F0H     0009H     UNIT         ?XD?_CRC16_CCITT?CRC16
            XDATA   02F9H     0006H     UNIT         ?XD?MDINAUX
            XDATA   02FFH     0005H     UNIT         ?XD?_WRITEI2C16?I2C
            XDATA   0304H     0003H     UNIT         ?XD?_MDIN3XX_SETZOOMPROCESS?MDIN3XX
            XDATA   0307H     0003H     UNIT         ?XD?_MDIN3XX_SETSCALEPROCESS?MDIN3XX
            XDATA   030AH     0003H     UNIT         ?XD?_MDIN3XX_SETOUTTESTPATTERN?MDIN3XX
            XDATA   030DH     0003H     UNIT         ?XD?MDINHTX
            XDATA   0310H     0003H     UNIT         ?XD?_MDINAUX_SETSCALEPROCESS?MDINAUX
            XDATA   0313H     0003H     UNIT         ?XD?_BURSTTX?TP2825B
BL51 BANKED LINKER/LOCATER V6.22.4.0                                                  12/22/2023  18:00:44  PAGE 3


            XDATA   0316H     0001H     UNIT         ?XD?MDINIPC

            * * * * * * *   C O D E   M E M O R Y   * * * * * * *
            CODE    0000H     0003H     ABSOLUTE     
            CODE    0003H     0003H     ABSOLUTE     
            CODE    0006H     0005H     UNIT         ?PR?INT0_INT?MAIN
            CODE    000BH     0003H     ABSOLUTE     
            CODE    000EH     0005H     UNIT         ?PR?EX1_INT?MAIN
            CODE    0013H     0003H     ABSOLUTE     
            CODE    0016H     000DH     UNIT         ?PR?TIMER_INIT?MAIN
            CODE    0023H     0003H     ABSOLUTE     
            CODE    0026H     0025H     UNIT         ?PR?_LOCAL_I2CWRITE?MDINI2C
            CODE    004BH     0003H     ABSOLUTE     
            CODE    004EH     000CH     UNIT         ?PR?_TP28XX_BYTE_READ?I2C
                    005AH     0001H                  *** GAP ***
            CODE    005BH     0003H     ABSOLUTE     
            CODE    005EH     0AC3H     UNIT         ?C?LIB_CODE
            CODE    0B21H     0975H     UNIT         ?CO?TP2825B
            CODE    1496H     0938H     UNIT         ?CO?MDINCOEF
            CODE    1DCEH     07D8H     UNIT         ?CO?MDINFRMT
            CODE    25A6H     068DH     UNIT         ?PR?EQ_DETECT?TP2825B
            CODE    2C33H     0682H     UNIT         ?PR?_MDINAUX_SETOUTVIDEOCSC?MDINAUX
            CODE    32B5H     0661H     UNIT         ?PR?MDIN3XX
            CODE    3916H     060DH     UNIT         ?PR?_MDIN3XX_SETOUTVIDEOCSC?MDIN3XX
            CODE    3F23H     05DCH     UNIT         ?PR?_MDIN3XX_SETFRAMEBUFFER?MDIN3XX
            CODE    44FFH     05C4H     UNIT         ?PR?MDIN3XX_SETMEMORYCONFIG?MDIN3XX
            CODE    4AC3H     056FH     UNIT         ?PR?_MDIN3XX_SETMFCSCALEWIND?MDIN3XX
            CODE    5032H     0535H     UNIT         ?PR?_MDIN3XX_SETSRCVIDEOPORT?MDIN3XX
            CODE    5567H     04BDH     UNIT         ?PR?_MDINAUX_SETMFCSCALEWIND?MDINAUX
            CODE    5A24H     044FH     UNIT         ?PR?_MDIN3XX_SETDEINTERCTRL?MDIN3XX
            CODE    5E73H     0357H     UNIT         ?PR?MDINAUX
            CODE    61CAH     0356H     UNIT         ?CO?MAIN
            CODE    6520H     033CH     UNIT         ?PR?_SET_VIDRES?TP2825B
            CODE    685CH     0334H     UNIT         ?PR?_MDIN3XX_SETOUTVIDEOFRMT?MDIN3XX
            CODE    6B90H     032FH     UNIT         ?PR?_DEBUGKEYIN?MAIN
            CODE    6EBFH     02E8H     UNIT         ?PR?STRINGCOMMAND?MAIN
            CODE    71A7H     02E5H     UNIT         ?PR?_MDIN3XX_ENABLEDEINT3DNR?MDINIPC
            CODE    748CH     02DFH     UNIT         ?PR?_MDINAUX_SETOUTVIDEOSYNC?MDINAUX
            CODE    776BH     02C7H     UNIT         ?PR?MDINHTX
            CODE    7A32H     02C5H     UNIT         ?PR?_MDINHTX_SETAUDIOPATH?MDINHTX
            CODE    7CF7H     026DH     UNIT         ?PR?CREATEMDIN340VIDEOINSTANCE?APP340
            CODE    7F64H     0250H     UNIT         ?PR?_MDINHTX_SETVIDEOMODE?MDINHTX
            CODE    81B4H     024FH     UNIT         ?PR?_MDINAUX_SETOUTVIDEOFRMT?MDINAUX
            CODE    8403H     024EH     UNIT         ?PR?_DOPRINT?PRINTF
            CODE    8651H     0243H     UNIT         ?PR?_MDIN3XX_SETMEMORYMAP?MDIN3XX
            CODE    8894H     0232H     UNIT         ?PR?_MDIN3XX_SETOUTVIDEOSYNC?MDIN3XX
            CODE    8AC6H     0207H     UNIT         ?PR?_MDIN3XX_SETSRCCLOCKPATH?MDIN3XX
            CODE    8CCDH     0200H     UNIT         ?CO?CRC16
            CODE    8ECDH     01F5H     UNIT         ?PR?_MDINHTX_SETINFOFRAMEAVI?MDINHTX
            CODE    90C2H     01E9H     UNIT         ?PR?MDIN3XX_SETDEINTULTRANR?MDINIPC
            CODE    92ABH     01DFH     UNIT         ?PR?_MDINHTX_SETNATIVEFRMTBYDTD?MDINHTX
            CODE    948AH     01DDH     UNIT         ?PR?_MDINAUX_SETSRCVIDEOFRMT?MDINAUX
            CODE    9667H     01D1H     UNIT         ?PR?_LOCAL_I2CREAD?MDINI2C
            CODE    9838H     01C0H     UNIT         ?PR?_MDINAUX_SETMFCSCALECTRL?MDINAUX
            CODE    99F8H     01A8H     UNIT         ?PR?_MDINHTX_PARSEEDID?MDINHTX
            CODE    9BA0H     01A4H     UNIT         ?PR?_MDIN3XX_SCALEDOWNPROGNR?MDINIPC
            CODE    9D44H     019AH     UNIT         ?PR?_MDINAUX_SETAUXVIDEOCLK?MDINAUX
BL51 BANKED LINKER/LOCATER V6.22.4.0                                                  12/22/2023  18:00:44  PAGE 4


            CODE    9EDEH     0192H     UNIT         ?PR?_MONTX?TP2825B
            CODE    A070H     0176H     UNIT         ?PR?_MDIN3XX_SETIPCCTRLFLAGS?MDIN3XX
            CODE    A1E6H     0163H     UNIT         ?PR?_MDINHTX_SET656MODE?MDINHTX
            CODE    A349H     0159H     UNIT         ?PR?_MDIN3XX_SETMFCSCALECTRL?MDIN3XX
            CODE    A4A2H     014AH     UNIT         ?PR?_MDINHTX_SETSOFTNVAL?MDINHTX
            CODE    A5ECH     0148H     UNIT         ?PR?_MDINHTX_INITMODEDVI?MDINHTX
            CODE    A734H     0137H     UNIT         ?PR?_MDIN3XX_SETMFCFILTERCOEF?MDIN3XX
            CODE    A86BH     0136H     UNIT         ?PR?_MDIN3XX_ENABLEWRITEFRMB?MDIN3XX
            CODE    A9A1H     0131H     UNIT         ?PR?_MDIN3XX_VIDEOPROCESS?MDIN3XX
            CODE    AAD2H     012BH     UNIT         ?PR?_MDINAUX_SETSRCVIDEOCSC?MDINAUX
            CODE    ABFDH     0128H     UNIT         ?PR?_MDINHTX_INITMODEHDMI?MDINHTX
            CODE    AD25H     0128H     UNIT         ?PR?TP2825B
            CODE    AE4DH     011BH     UNIT         ?PR?MDINIPC
            CODE    AF68H     0117H     UNIT         ?PR?_MDIN3XX_SET10BITPROCESS?MDIN3XX
            CODE    B07FH     010EH     UNIT         ?PR?_MDIN3XX_SETDEINTINTERWND?MDINIPC
            CODE    B18DH     010AH     UNIT         ?PR?_MDINHTX_SETINFOFRAMEAUD?MDINHTX
            CODE    B297H     00FFH     UNIT         ?PR?_MDIN3XX_SETVIDEOPLL?MDIN3XX
            CODE    B396H     00FDH     UNIT         ?PR?_MDINAUX_SETFFCNRPROCESS?MDINAUX
            CODE    B493H     00F8H     UNIT         ?PR?_MDINI2C_REGFIELD?MDINI2C
            CODE    B58BH     00EDH     UNIT         ?PR?_MDIN3XX_SETDEINT3DNRGAIN?MDINIPC
            CODE    B678H     00E8H     UNIT         ?PR?_MDINHTX_SETDEEPCOLOR?MDINHTX
            CODE    B760H     00E7H     UNIT         ?PR?_MDINAUX_SETVIDEOPLL?MDINAUX
            CODE    B847H     00E1H     UNIT         ?PR?_MDINHTX_ENABLEALLPWR?MDINHTX
            CODE    B928H     00DBH     UNIT         ?PR?_MDIN3XX_SETSRCVIDEORESTORE?MDIN3XX
            CODE    BA03H     00D8H     UNIT         ?PR?_MDIN3XX_SETSRCVIDEOPATTERN?MDIN3XX
            CODE    BADBH     00D4H     UNIT         ?PR?_MDINHTX_ENABLEPHYPWR?MDINHTX
            CODE    BBAFH     00D2H     UNIT         ?PR?_MDIN3XX_SETFFCNRPROCESS?MDIN3XX
            CODE    BC81H     00D0H     UNIT         ?PR?_MDIN3XX_SETSRCVIDEOFRMT?MDIN3XX
            CODE    BD51H     00CEH     UNIT         ?PR?_MDINHTX_SETNATIVEFRMTBYVID?MDINHTX
            CODE    BE1FH     00CCH     UNIT         ?PR?MDINHTX_ENABLECONTROLPKT?MDINHTX
            CODE    BEEBH     00CCH     UNIT         ?PR?READUTC?TP2825B
            CODE    BFB7H     00C7H     UNIT         ?PR?_MDINI2C_READ?MDINI2C
            CODE    C07EH     00C1H     UNIT         ?PR?_MDIN3XX_SETSRCVIDEOCSC?MDIN3XX
            CODE    C13FH     00BEH     UNIT         ?PR?_MDIN3XX_RESETOUTSYNC?MDIN3XX
            CODE    C1FDH     00BAH     UNIT         ?PR?_CONVERTDATA?TP2825B
            CODE    C2B7H     00B2H     UNIT         ?PR?MDINI2C
            CODE    C369H     00B2H     UNIT         ?PR?TP2825BEVK_SWITCH_VIN?TP2825B
            CODE    C41BH     00B2H     UNIT         ?PR?INIT_TP_REGSET?TP2825B
            CODE    C4CDH     00B1H     UNIT         ?PR?_MDINHTX_IRQHANDLER?MDINHTX
            CODE    C57EH     00ABH     UNIT         ?PR?MDIN3XX_SOFTRESET?MDIN3XX
            CODE    C629H     00A7H     UNIT         ?PR?_MDINHTX_SETHDMIBLOCK?MDINHTX
            CODE    C6D0H     00A5H     UNIT         ?PR?_MDINI2C_WRITE?MDINI2C
            CODE    C775H     00A1H     UNIT         ?PR?_MDINHTX_GETVENDORADDR?MDINHTX
            CODE    C816H     009FH     UNIT         ?PR?TP2850EVK_SWITCH_VIN?TP2825B
            CODE    C8B5H     009EH     UNIT         ?PR?MAIN
            CODE    C953H     0095H     UNIT         ?PR?_MDINHTX_CHECKHDMISIGNATURE?MDINHTX
            CODE    C9E8H     0092H     UNIT         ?PR?_MDIN3XX_SETMEMORYPLL?MDIN3XX
            CODE    CA7AH     0091H     UNIT         ?PR?_MDIN3XX_ENABLEDEINTCCS?MDINIPC
            CODE    CB0BH     008EH     UNIT         ?PR?_MDINHTX_SETVIDEOPATH?MDINHTX
            CODE    CB99H     008CH     UNIT         ?C_C51STARTUP
            CODE    CC25H     0086H     UNIT         ?PR?_MDINHTX_READEDID?MDINHTX
            CODE    CCABH     0086H     UNIT         ?PR?_CRC16_CCITT?CRC16
            CODE    CD31H     0085H     UNIT         ?PR?_MDINHTX_SETAUTOFORMAT?MDINHTX
            CODE    CDB6H     0084H     UNIT         ?PR?_MDINHTX_SOFTRESET?MDINHTX
            CODE    CE3AH     0084H     UNIT         ?PR?_MDINHTX_CTRLHANDLER?MDINHTX
            CODE    CEBEH     0082H     UNIT         ?PR?_MHDMI_HOSTREAD?MDINI2C
            CODE    CF40H     007FH     UNIT         ?C_INITSEG
BL51 BANKED LINKER/LOCATER V6.22.4.0                                                  12/22/2023  18:00:44  PAGE 5


            CODE    CFBFH     007FH     UNIT         ?PR?PRINTF
            CODE    D03EH     007FH     UNIT         ?PR?_MDINHTX_GETPARSEEDID?MDINHTX
            CODE    D0BDH     007DH     UNIT         ?PR?_MDIN3XX_ENABLEDEINTCUE?MDINIPC
            CODE    D13AH     0076H     UNIT         ?PR?_MDINAUX_ENABLEFRONTNRFILTER?MDINAUX
            CODE    D1B0H     0075H     UNIT         ?PR?_MDINAUX_VIDEOPROCESS?MDINAUX
            CODE    D225H     0073H     UNIT         ?PR?_MDINHTX_READMDDC?MDINHTX
            CODE    D298H     0073H     UNIT         ?PR?_MDINHTX_SETAUDIOINIT?MDINHTX
            CODE    D30BH     0071H     UNIT         ?PR?_MDINHTX_GETMDDCBUFF?MDINHTX
            CODE    D37CH     006CH     UNIT         ?PR?_MDINHTX_GETINFOFRAMEOFF?MDINHTX
            CODE    D3E8H     006AH     UNIT         ?PR?TIMER0_INT?MAIN
            CODE    D452H     0069H     UNIT         ?PR?_I2C_WRITEBYID?MDINI2C
            CODE    D4BBH     0069H     UNIT         ?PR?_I2C_READBYID?MDINI2C
            CODE    D524H     0069H     UNIT         ?PR?_TP2825B_SETRX?TP2825B
            CODE    D58DH     0067H     UNIT         ?PR?MDINHTX_GETMDDCSTATUS?MDINHTX
            CODE    D5F4H     0066H     UNIT         ?PR?_TP2825B_SETTX?TP2825B
            CODE    D65AH     0065H     UNIT         ?PR?_MDINHTX_SETMDDCCMD?MDINHTX
            CODE    D6BFH     0064H     UNIT         ?PR?_MDIN3XX_SETFRONTNRFILTERCOEF?MDIN3XX
            CODE    D723H     0063H     UNIT         ?PR?MDINHTX_GETMDDCPROCDONE?MDINHTX
            CODE    D786H     0063H     UNIT         ?PR?MHDMI_GETWRITEDONE?MDINI2C
            CODE    D7E9H     0063H     UNIT         ?PR?_MDIN3XX_SETDEINTFILM?MDINIPC
            CODE    D84CH     0062H     UNIT         ?PR?MDIN3XX_ENABLEMAINDISPLAY?MDIN3XX
            CODE    D8AEH     0061H     UNIT         ?PR?_MDINHTX_CHECKCRC?MDINHTX
            CODE    D90FH     0061H     UNIT         ?PR?MDINHTX_GETCONTROLPKTOFF?MDINHTX
            CODE    D970H     0060H     UNIT         ?PR?INITREGISTERSET?MAIN
            CODE    D9D0H     005EH     UNIT         ?PR?_MHDMI_I2CREAD?MDINI2C
            CODE    DA2EH     005EH     UNIT         ?PR?_MDIN3XX_ENABLEDEINTINTERWND?MDINIPC
            CODE    DA8CH     005DH     UNIT         ?PR?_MDINHTX_VIDEOPROCESS?MDINHTX
            CODE    DAE9H     0059H     UNIT         ?PR?_MDIN3XX_ENABLECLOCKDRIVE?MDIN3XX
            CODE    DB42H     0057H     UNIT         ?PR?_MDIN3XX_SETVCLKPLLSOURCE?MDIN3XX
            CODE    DB99H     0057H     UNIT         ?PR?_MDINHTX_ENABLEINFOFRMAVI?MDINHTX
            CODE    DBF0H     0057H     UNIT         ?PR?_MDINHTX_ENABLEINFOFRMAUD?MDINHTX
            CODE    DC47H     0054H     UNIT         ?PR?TP2825B_SYSCLK_V3?TP2825B
            CODE    DC9BH     0053H     UNIT         ?PR?_MDIN3XX_SETOUTTESTPATTERN?MDIN3XX
            CODE    DCEEH     0051H     UNIT         ?PR?_MDIN3XX_SETZOOMPROCESS?MDIN3XX
            CODE    DD3FH     0051H     UNIT         ?PR?MDIN3XX_ENABLECTI?MDIN3XX
            CODE    DD90H     0051H     UNIT         ?PR?TP2825B_SYSCLK_V2?TP2825B
            CODE    DDE1H     0051H     UNIT         ?PR?TP2825B_SYSCLK_V1?TP2825B
            CODE    DE32H     0050H     UNIT         ?PR?MDIN3XX_ENABLEFRONTNRFILTER?MDIN3XX
            CODE    DE82H     0050H     UNIT         ?PR?MENU?TP2825B
            CODE    DED2H     004EH     UNIT         ?PR?USAGE?MAIN
            CODE    DF20H     004CH     UNIT         ?PR?_I2CDEVICESET?MAIN
            CODE    DF6CH     004CH     UNIT         ?PR?_MDINHTX_SETOUTPUTMODE?MDINHTX
            CODE    DFB8H     004BH     UNIT         ?PR?STARTTX?TP2825B
            CODE    E003H     0047H     UNIT         ?PR?SERIAL_INT?MAIN
            CODE    E04AH     0047H     UNIT         ?PR?_MDINHTX_PARSEHEADER?MDINHTX
            CODE    E091H     0046H     UNIT         ?PR?_MDINHTX_SETNATIVEMODEBY861B?MDINHTX
            CODE    E0D7H     0045H     UNIT         ?PR?_MDINAUX_SETFRONTNRFILTERCOEF?MDINAUX
            CODE    E11CH     0043H     UNIT         ?PR?TP2825B_SYSCLK_54M?TP2825B
            CODE    E15FH     0043H     UNIT         ?PR?TP2825B_SYSCLK_945?TP2825B
            CODE    E1A2H     0043H     UNIT         ?PR?TP2825B_SYSCLK_864?TP2825B
            CODE    E1E5H     0042H     UNIT         ?PR?_MDINHTX_PARSEVERSION?MDINHTX
            CODE    E227H     0042H     UNIT         ?PR?TP2825B_RESET_DEFAULT?TP2825B
            CODE    E269H     003FH     UNIT         ?PR?INITCPU?MAIN
            CODE    E2A8H     003FH     UNIT         ?PR?_MDIN3XX_SETPEAKINGFILTERCOEF?MDIN3XX
            CODE    E2E7H     003FH     UNIT         ?PR?_MDIN3XX_SETCOLORENFILTERCOEF?MDIN3XX
            CODE    E326H     003FH     UNIT         ?PR?_MDIN3XX_SETBLOCKNRFILTERCOEF?MDIN3XX
            CODE    E365H     003FH     UNIT         ?PR?_MDIN3XX_SETMOSQUITFILTERCOEF?MDIN3XX
BL51 BANKED LINKER/LOCATER V6.22.4.0                                                  12/22/2023  18:00:44  PAGE 6


            CODE    E3A4H     003FH     UNIT         ?PR?_MDIN3XX_SETCOLORTONFILTERCOEF?MDIN3XX
            CODE    E3E3H     003EH     UNIT         ?PR?_MDIN3XX_SETDEINTMODE?MDINIPC
            CODE    E421H     003DH     UNIT         ?PR?_MDIN3XX_GETCHIPID?MDIN3XX
            CODE    E45EH     003CH     UNIT         ?PR?_MONREADI2C?MAIN
            CODE    E49AH     003AH     UNIT         ?PR?_MDINHTX_PWRHANDLER?MDINHTX
            CODE    E4D4H     0039H     UNIT         ?PR?_MDINHTX_SETCLOCKEDGE?MDINHTX
            CODE    E50DH     0037H     UNIT         ?PR?_ASC1BIN?MAIN
            CODE    E544H     0037H     UNIT         ?PR?APP340
            CODE    E57BH     0035H     UNIT         ?PR?SW_SEL_RESOLUTION?MAIN
            CODE    E5B0H     0035H     UNIT         ?PR?MDIN3XX_HARDRESET?MDIN3XX
            CODE    E5E5H     0035H     UNIT         ?PR?MDINHTX_SETMODEHDMI?MDINHTX
            CODE    E61AH     0035H     UNIT         ?PR?_MDINHTX_TIMEOUTHANDLER?MDINHTX
            CODE    E64FH     0034H     UNIT         ?PR?_MDINI2C_MULTIWRITE?MDINI2C
            CODE    E683H     0034H     UNIT         ?PR?_MDINI2C_MULTIREAD?MDINI2C
            CODE    E6B7H     0033H     UNIT         ?PR?_PRINTF?PRINTF
            CODE    E6EAH     0033H     UNIT         ?PR?_MDIN3XX_GETVERSIONID?MDIN3XX
            CODE    E71DH     0032H     UNIT         ?PR?_MDINI2C_REGWRITE?MDINI2C
            CODE    E74FH     0032H     UNIT         ?PR?_MDINI2C_REGREAD?MDINI2C
            CODE    E781H     0032H     UNIT         ?PR?TP2860_SYSCLK_111375K?TP2825B
            CODE    E7B3H     002EH     UNIT         ?PR?_MONWRITEI2C?MAIN
            CODE    E7E1H     002EH     UNIT         ?PR?_ASC2BIN?MAIN
            CODE    E80FH     002EH     UNIT         ?PR?MAIN?MAIN
            CODE    E83DH     002EH     UNIT         ?PR?_MDINHTX_CHECK1STCRC?MDINHTX
            CODE    E86BH     002EH     UNIT         ?PR?_MDINHTX_CHECK2NDCRC?MDINHTX
            CODE    E899H     002DH     UNIT         ?PR?_READI2C16?I2C
            CODE    E8C6H     002DH     UNIT         ?PR?_MDIN3XX_SETSCALEPROCESS?MDIN3XX
            CODE    E8F3H     002DH     UNIT         ?PR?_MDINI2C_SETPAGE?MDINI2C
            CODE    E920H     002DH     UNIT         ?PR?_MDINAUX_SETSCALEPROCESS?MDINAUX
            CODE    E94DH     002CH     UNIT         ?PR?_MDINHTX_BASICPARSE?MDINHTX
            CODE    E979H     002BH     UNIT         ?PR?_MDIN3XX_ISFFCSIZE?MDIN3XX
            CODE    E9A4H     002BH     UNIT         ?PR?_MDIN3XX_SETMFCHCFILTERCOEF?MDIN3XX
            CODE    E9CFH     002BH     UNIT         ?PR?_MDIN3XX_SETMFCVYFILTERCOEF?MDIN3XX
            CODE    E9FAH     002BH     UNIT         ?PR?_MDIN3XX_SETMFCVCFILTERCOEF?MDIN3XX
            CODE    EA25H     002BH     UNIT         ?PR?_MDIN3XX_SETSRCTESTPATTERN?MDIN3XX
            CODE    EA50H     002AH     UNIT         ?PR?_MDIN3XX_SETMFCHYFILTERCOEF?MDIN3XX
            CODE    EA7AH     002AH     UNIT         ?PR?MDIN3XX_ENABLELTI?MDIN3XX
            CODE    EAA4H     002AH     UNIT         ?PR?TP2860_SYSCLK_A720P?TP2825B
            CODE    EACEH     002AH     UNIT         ?PR?TP2860_SYSCLK_A1080P?TP2825B
            CODE    EAF8H     0028H     UNIT         ?PR?_MDIN3XX_SETPEAKINGFILTERLEVEL?MDIN3XX
            CODE    EB20H     0028H     UNIT         ?PR?MDIN3XX_ENABLEPEAKINGFILTER?MDIN3XX
            CODE    EB48H     0028H     UNIT         ?PR?MDIN3XX_ENABLECOLORENFILTER?MDIN3XX
            CODE    EB70H     0028H     UNIT         ?PR?MDIN3XX_ENABLEBWEXTENSION?MDIN3XX
            CODE    EB98H     0027H     UNIT         ?PR?_WRITEI2C16?I2C
            CODE    EBBFH     0027H     UNIT         ?PR?_MDIN3XX_SETINDATAMAPMODE?MDIN3XX
            CODE    EBE6H     0027H     UNIT         ?CO?MDIN3XX
            CODE    EC0DH     0026H     UNIT         ?PR?_PUTSP?MAIN
            CODE    EC33H     0026H     UNIT         ?PR?MAIN_INITIALIZE?MAIN
            CODE    EC59H     0025H     UNIT         ?PR?_MHDMI_I2CWRITE?MDINI2C
            CODE    EC7EH     0025H     UNIT         ?PR?MDIN3XX_SETIPCBLOCK?MDINIPC
            CODE    ECA3H     0024H     UNIT         ?PR?_MHOST_I2CWRITE?MDINI2C
            CODE    ECC7H     0024H     UNIT         ?PR?_MHOST_I2CREAD?MDINI2C
            CODE    ECEBH     0024H     UNIT         ?PR?LEFT?TP2825B
            CODE    ED0FH     0024H     UNIT         ?PR?RIGHT?TP2825B
            CODE    ED33H     0024H     UNIT         ?PR?UP?TP2825B
            CODE    ED57H     0024H     UNIT         ?PR?DOWN?TP2825B
            CODE    ED7BH     0024H     UNIT         ?PR?RESET?TP2825B
            CODE    ED9FH     0022H     UNIT         ?PR?_MDINHTX_HPDHANDLER?MDINHTX
BL51 BANKED LINKER/LOCATER V6.22.4.0                                                  12/22/2023  18:00:44  PAGE 7


            CODE    EDC1H     001EH     UNIT         ?PR?RS_RX?MAIN
            CODE    EDDFH     001CH     UNIT         ?PR?MDIN340?APP340
            CODE    EDFBH     001BH     UNIT         ?PR?_PUTS?PRINTF
            CODE    EE16H     001BH     UNIT         ?PR?_MDIN3XX_GETDEVICEID?MDIN3XX
            CODE    EE31H     0019H     UNIT         ?PR?INITRESET?MAIN
            CODE    EE4AH     0018H     UNIT         ?PR?_DELAY1?I2C
            CODE    EE62H     0018H     UNIT         ?PR?_MDIN3XX_ISCROP?MDIN3XX
            CODE    EE7AH     0018H     UNIT         ?PR?_MDIN3XX_ISZOOM?MDIN3XX
            CODE    EE92H     0018H     UNIT         ?PR?_MDIN3XX_ISVIEW?MDIN3XX
            CODE    EEAAH     0018H     UNIT         ?PR?_MDINAUX_ISCROP?MDINAUX
            CODE    EEC2H     0018H     UNIT         ?PR?_MDINAUX_ISZOOM?MDINAUX
            CODE    EEDAH     0018H     UNIT         ?PR?_MDINAUX_ISVIEW?MDINAUX
            CODE    EEF2H     0015H     UNIT         ?PR?_I2C_BYTE_READ?I2C
            CODE    EF07H     0013H     UNIT         ?PR?_MDINDLY_10USEC?MDINDLY
            CODE    EF1AH     0012H     UNIT         ?PR?RS_READY?MAIN
            CODE    EF2CH     0011H     UNIT         ?PR?_I2C_BYTE_WRITE?I2C
            CODE    EF3DH     0011H     UNIT         ?PR?_DELAY?MAIN
            CODE    EF4EH     0011H     UNIT         ?CO?PRINTF
            CODE    EF5FH     0011H     UNIT         ?PR?_MDINDLY_MSEC?MDINDLY
            CODE    EF70H     0010H     UNIT         ?PR?PROMPT?MAIN
            CODE    EF80H     000FH     UNIT         ?PR?UART0_INIT?MAIN
            CODE    EF8FH     000EH     UNIT         ?PR?_TP28XX_BYTE_WRITE?I2C
            CODE    EF9DH     000CH     UNIT         ?PR?_WAIT_5MS?MAIN
            CODE    EFA9H     000CH     UNIT         ?PR?_ABS?ABS
            CODE    EFB5H     0009H     UNIT         ?PR?NEWLINE?MAIN
            CODE    EFBEH     0009H     UNIT         ?PR?_MDIN3XX_SETOUTVIDEODAC?MDIN3XX
            CODE    EFC7H     0008H     UNIT         ?PR?I2C_INT?MAIN
            CODE    EFCFH     0008H     UNIT         ?PR?TP2801_INT5?MAIN
            CODE    EFD7H     0008H     UNIT         ?PR?_RS_TX?MAIN
            CODE    EFDFH     0007H     UNIT         ?PR?I2C
            CODE    EFE6H     0007H     UNIT         ?PR?MDINHTX_ISMODEHDMI?MDINHTX
            CODE    EFEDH     0006H     UNIT         ?PR?_MDINHTX_SHOWSTATUSID?MDINHTX
            CODE    EFF3H     0006H     UNIT         ?PR?_BURSTTX?TP2825B
            CODE    EFF9H     0003H     UNIT         ?PR?MDIN3XX_GETMFCFILTERDONE?MDIN3XX



OVERLAY MAP OF MODULE:   .\obj\TP2850_2825B (I2C)


SEGMENT                                             BIT_GROUP          XDATA_GROUP
  +--> CALLED SEGMENT                            START    LENGTH     START    LENGTH
------------------------------------------------------------------------------------
?C_C51STARTUP                                    -----    -----      -----    -----
  +--> ?PR?MAIN?MAIN
  +--> ?C_INITSEG

?PR?MAIN?MAIN                                    -----    -----      0221H    0002H
  +--> ?PR?MAIN_INITIALIZE?MAIN
  +--> ?PR?CREATEMDIN340VIDEOINSTANCE?APP340
  +--> ?PR?RS_READY?MAIN
  +--> ?PR?RS_RX?MAIN
  +--> ?PR?_DEBUGKEYIN?MAIN
  +--> ?PR?_WAIT_5MS?MAIN
  +--> ?PR?EQ_DETECT?TP2825B
  +--> ?PR?READUTC?TP2825B
  +--> ?PR?MDIN340?APP340
BL51 BANKED LINKER/LOCATER V6.22.4.0                                                  12/22/2023  18:00:44  PAGE 8



?PR?MAIN_INITIALIZE?MAIN                         -----    -----      -----    -----
  +--> ?PR?INITCPU?MAIN
  +--> ?PR?_DELAY?MAIN
  +--> ?PR?INITRESET?MAIN
  +--> ?PR?NEWLINE?MAIN
  +--> ?PR?INITREGISTERSET?MAIN
  +--> ?PR?USAGE?MAIN
  +--> ?PR?PROMPT?MAIN

?PR?NEWLINE?MAIN                                 -----    -----      -----    -----
  +--> ?CO?MAIN
  +--> ?PR?_PUTS?PRINTF

?PR?_PUTS?PRINTF                                 -----    -----      0270H    0003H
  +--> ?PR?PRINTF
  +--> ?PR?_RS_TX?MAIN

?PR?INITREGISTERSET?MAIN                         -----    -----      -----    -----
  +--> ?PR?SW_SEL_RESOLUTION?MAIN
  +--> ?CO?MAIN
  +--> ?PR?MAIN
  +--> ?PR?_PRINTF?PRINTF
  +--> ?PR?INIT_TP_REGSET?TP2825B
  +--> ?PR?_DELAY?MAIN
  +--> ?PR?PROMPT?MAIN

?PR?MAIN                                         -----    -----      -----    -----
  +--> ?PR?_RS_TX?MAIN

?PR?_PRINTF?PRINTF                               -----    -----      0276H    002EH
  +--> ?PR?_DOPRINT?PRINTF

?PR?_DOPRINT?PRINTF                              0022H.1  0000H.3    02A4H    0014H
  +--> ?PR?PRINTF
  +--> ?CO?PRINTF

?PR?INIT_TP_REGSET?TP2825B                       -----    -----      -----    -----
  +--> ?PR?_TP28XX_BYTE_READ?I2C
  +--> ?CO?TP2825B
  +--> ?PR?TP2825B
  +--> ?PR?_PRINTF?PRINTF
  +--> ?PR?TP2825BEVK_SWITCH_VIN?TP2825B
  +--> ?PR?TP2850EVK_SWITCH_VIN?TP2825B
  +--> ?PR?_I2CDEVICESET?MAIN
  +--> ?PR?TP2825B_RESET_DEFAULT?TP2825B
  +--> ?PR?_SET_VIDRES?TP2825B

?PR?_TP28XX_BYTE_READ?I2C                        -----    -----      -----    -----
  +--> ?PR?_I2C_BYTE_READ?I2C

?PR?_I2C_BYTE_READ?I2C                           -----    -----      -----    -----
  +--> ?PR?_DELAY1?I2C
  +--> ?PR?I2C

?PR?I2C                                          -----    -----      -----    -----
  +--> ?PR?_DELAY1?I2C
BL51 BANKED LINKER/LOCATER V6.22.4.0                                                  12/22/2023  18:00:44  PAGE 9



?PR?TP2825BEVK_SWITCH_VIN?TP2825B                -----    -----      0228H    0001H
  +--> ?PR?_TP28XX_BYTE_READ?I2C
  +--> ?PR?TP2825B
  +--> ?PR?_TP28XX_BYTE_WRITE?I2C

?PR?_TP28XX_BYTE_WRITE?I2C                       -----    -----      -----    -----
  +--> ?PR?_I2C_BYTE_WRITE?I2C

?PR?_I2C_BYTE_WRITE?I2C                          -----    -----      -----    -----
  +--> ?PR?_DELAY1?I2C

?PR?TP2850EVK_SWITCH_VIN?TP2825B                 -----    -----      0228H    0001H
  +--> ?PR?_TP28XX_BYTE_READ?I2C
  +--> ?PR?TP2825B
  +--> ?PR?_TP28XX_BYTE_WRITE?I2C

?PR?_I2CDEVICESET?MAIN                           -----    -----      0223H    0008H
  +--> ?PR?_TP28XX_BYTE_WRITE?I2C
  +--> ?PR?_DELAY?MAIN

?PR?TP2825B_RESET_DEFAULT?TP2825B                -----    -----      -----    -----
  +--> ?PR?TP2825B_SYSCLK_V1?TP2825B
  +--> ?PR?_TP28XX_BYTE_WRITE?I2C
  +--> ?PR?_TP28XX_BYTE_READ?I2C

?PR?TP2825B_SYSCLK_V1?TP2825B                    -----    -----      -----    -----
  +--> ?PR?TP2825B
  +--> ?PR?_TP28XX_BYTE_WRITE?I2C

?PR?_SET_VIDRES?TP2825B                          -----    -----      0270H    0006H
  +--> ?PR?_TP28XX_BYTE_WRITE?I2C
  +--> ?PR?TP2825B_SYSCLK_945?TP2825B
  +--> ?PR?TP2860_SYSCLK_111375K?TP2825B
  +--> ?PR?TP2825B_SYSCLK_54M?TP2825B
  +--> ?PR?TP2825B
  +--> ?PR?TP2825B_SYSCLK_V3?TP2825B
  +--> ?PR?TP2825B_SYSCLK_864?TP2825B
  +--> ?PR?TP2825B_SYSCLK_V1?TP2825B
  +--> ?PR?TP2825B_SYSCLK_V2?TP2825B
  +--> ?PR?TP2860_SYSCLK_A1080P?TP2825B
  +--> ?CO?TP2825B
  +--> ?PR?_TP28XX_BYTE_READ?I2C
  +--> ?PR?_TP2825B_SETTX?TP2825B
  +--> ?PR?_TP2825B_SETRX?TP2825B
  +--> ?PR?_PRINTF?PRINTF

?PR?TP2825B_SYSCLK_945?TP2825B                   -----    -----      -----    -----
  +--> ?PR?TP2825B
  +--> ?PR?_TP28XX_BYTE_WRITE?I2C

?PR?TP2860_SYSCLK_111375K?TP2825B                -----    -----      -----    -----
  +--> ?PR?_TP28XX_BYTE_WRITE?I2C

?PR?TP2825B_SYSCLK_54M?TP2825B                   -----    -----      -----    -----
  +--> ?PR?TP2825B
  +--> ?PR?_TP28XX_BYTE_WRITE?I2C
BL51 BANKED LINKER/LOCATER V6.22.4.0                                                  12/22/2023  18:00:44  PAGE 10



?PR?TP2825B_SYSCLK_V3?TP2825B                    -----    -----      -----    -----
  +--> ?PR?TP2825B
  +--> ?PR?_TP28XX_BYTE_WRITE?I2C
  +--> ?PR?_TP28XX_BYTE_READ?I2C

?PR?TP2825B_SYSCLK_864?TP2825B                   -----    -----      -----    -----
  +--> ?PR?TP2825B
  +--> ?PR?_TP28XX_BYTE_WRITE?I2C

?PR?TP2825B_SYSCLK_V2?TP2825B                    -----    -----      -----    -----
  +--> ?PR?TP2825B
  +--> ?PR?_TP28XX_BYTE_WRITE?I2C

?PR?TP2860_SYSCLK_A1080P?TP2825B                 -----    -----      -----    -----
  +--> ?PR?_TP28XX_BYTE_WRITE?I2C

?PR?_TP2825B_SETTX?TP2825B                       -----    -----      0277H    0002H
  +--> ?CO?TP2825B
  +--> ?PR?TP2825B
  +--> ?PR?_TP28XX_BYTE_WRITE?I2C

?PR?_TP2825B_SETRX?TP2825B                       -----    -----      0277H    0002H
  +--> ?PR?TP2825B
  +--> ?CO?TP2825B
  +--> ?PR?_TP28XX_BYTE_WRITE?I2C

?PR?PROMPT?MAIN                                  -----    -----      -----    -----
  +--> ?CO?MAIN
  +--> ?PR?MAIN
  +--> ?PR?_PRINTF?PRINTF

?PR?USAGE?MAIN                                   -----    -----      -----    -----
  +--> ?PR?_DELAY?MAIN
  +--> ?CO?MAIN
  +--> ?PR?_PRINTF?PRINTF
  +--> ?PR?_PUTS?PRINTF

?PR?CREATEMDIN340VIDEOINSTANCE?APP340            -----    -----      0228H    0002H
  +--> ?PR?_MDIN3XX_GETCHIPID?MDIN3XX
  +--> ?PR?MDIN3XX_HARDRESET?MDIN3XX
  +--> ?PR?MDIN3XX_SOFTRESET?MDIN3XX
  +--> ?PR?MDIN3XX_ENABLEMAINDISPLAY?MDIN3XX
  +--> ?PR?MDIN3XX_SETMEMORYCONFIG?MDIN3XX
  +--> ?PR?_MDIN3XX_SETVCLKPLLSOURCE?MDIN3XX
  +--> ?PR?_MDIN3XX_ENABLECLOCKDRIVE?MDIN3XX
  +--> ?PR?_MDIN3XX_SETINDATAMAPMODE?MDIN3XX
  +--> ?PR?APP340
  +--> ?PR?_MDIN3XX_SETFRONTNRFILTERCOEF?MDI...
  +--> ?PR?_MDINAUX_SETFRONTNRFILTERCOEF?MDI...
  +--> ?PR?_MDIN3XX_SETPEAKINGFILTERCOEF?MDI...
  +--> ?PR?_MDIN3XX_SETCOLORENFILTERCOEF?MDI...
  +--> ?PR?_MDIN3XX_SETBLOCKNRFILTERCOEF?MDI...
  +--> ?PR?_MDIN3XX_SETMOSQUITFILTERCOEF?MDI...
  +--> ?PR?_MDIN3XX_SETCOLORTONFILTERCOEF?MD...
  +--> ?PR?MDIN3XX_ENABLELTI?MDIN3XX
  +--> ?PR?MDIN3XX_ENABLECTI?MDIN3XX
BL51 BANKED LINKER/LOCATER V6.22.4.0                                                  12/22/2023  18:00:44  PAGE 11


  +--> ?PR?_MDIN3XX_SETPEAKINGFILTERLEVEL?MD...
  +--> ?PR?MDIN3XX_ENABLEPEAKINGFILTER?MDIN3XX
  +--> ?PR?MDIN3XX_ENABLECOLORENFILTER?MDIN3XX
  +--> ?PR?MDIN3XX_ENABLEFRONTNRFILTER?MDIN3XX
  +--> ?PR?MDIN3XX_ENABLEBWEXTENSION?MDIN3XX
  +--> ?PR?MDIN3XX_SETIPCBLOCK?MDINIPC
  +--> ?PR?_MDIN3XX_SETMFCHYFILTERCOEF?MDIN3XX
  +--> ?PR?_MDIN3XX_SETMFCHCFILTERCOEF?MDIN3XX
  +--> ?PR?_MDIN3XX_SETMFCVYFILTERCOEF?MDIN3XX
  +--> ?PR?_MDIN3XX_SETMFCVCFILTERCOEF?MDIN3XX
  +--> ?PR?_MDINHTX_SETHDMIBLOCK?MDINHTX
  +--> ?PR?_MDIN3XX_SETDEINTINTERWND?MDINIPC
  +--> ?PR?_MDIN3XX_ENABLEDEINTINTERWND?MDINIPC
  +--> ?PR?_MDIN3XX_SETSRCTESTPATTERN?MDIN3XX

?PR?_MDIN3XX_GETCHIPID?MDIN3XX                   -----    -----      022AH    0003H
  +--> ?PR?MDIN3XX
  +--> ?PR?_MDINI2C_REGREAD?MDINI2C
  +--> ?CO?MDIN3XX
  +--> ?PR?_PRINTF?PRINTF

?PR?MDIN3XX                                      -----    -----      -----    -----
  +--> ?CO?MDINCOEF

?PR?_MDINI2C_REGREAD?MDINI2C                     -----    -----      0277H    0008H
  +--> ?PR?_MDINI2C_MULTIREAD?MDINI2C

?PR?_MDINI2C_MULTIREAD?MDINI2C                   -----    -----      027FH    000CH
  +--> ?PR?_I2C_READBYID?MDINI2C

?PR?_I2C_READBYID?MDINI2C                        -----    -----      028BH    000CH
  +--> ?PR?MDINI2C
  +--> ?PR?_MHOST_I2CREAD?MDINI2C
  +--> ?PR?_LOCAL_I2CREAD?MDINI2C
  +--> ?PR?_MHDMI_I2CREAD?MDINI2C

?PR?_MHOST_I2CREAD?MDINI2C                       -----    -----      0297H    0007H
  +--> ?PR?MDINI2C
  +--> ?PR?_MDINI2C_SETPAGE?MDINI2C
  +--> ?PR?_MDINI2C_READ?MDINI2C

?PR?_MDINI2C_SETPAGE?MDINI2C                     -----    -----      02A7H    0002H
  +--> ?PR?MDINI2C
  +--> ?PR?_MDINI2C_WRITE?MDINI2C

?PR?_MDINI2C_WRITE?MDINI2C                       -----    -----      02A9H    000AH
  +--> ?PR?MDINI2C
  +--> ?PR?_DELAY1?I2C

?PR?_MDINI2C_READ?MDINI2C                        -----    -----      02AAH    000AH
  +--> ?PR?MDINI2C
  +--> ?PR?_DELAY1?I2C

?PR?_LOCAL_I2CREAD?MDINI2C                       -----    -----      0297H    0009H
  +--> ?PR?MDINI2C
  +--> ?PR?_LOCAL_I2CWRITE?MDINI2C
  +--> ?PR?_MDINI2C_READ?MDINI2C
BL51 BANKED LINKER/LOCATER V6.22.4.0                                                  12/22/2023  18:00:44  PAGE 12



?PR?_LOCAL_I2CWRITE?MDINI2C                      -----    -----      02A0H    0007H
  +--> ?PR?MDINI2C
  +--> ?PR?_MDINI2C_SETPAGE?MDINI2C
  +--> ?PR?_MDINI2C_WRITE?MDINI2C

?PR?_MHDMI_I2CREAD?MDINI2C                       -----    -----      0297H    0008H
  +--> ?PR?_MHDMI_HOSTREAD?MDINI2C
  +--> ?PR?_MDINI2C_SETPAGE?MDINI2C
  +--> ?PR?MDINI2C
  +--> ?PR?_MDINI2C_READ?MDINI2C

?PR?_MHDMI_HOSTREAD?MDINI2C                      -----    -----      029FH    0007H
  +--> ?PR?MDINI2C
  +--> ?PR?_MDINI2C_SETPAGE?MDINI2C
  +--> ?PR?_MDINI2C_WRITE?MDINI2C
  +--> ?PR?MHDMI_GETWRITEDONE?MDINI2C
  +--> ?PR?_MDINI2C_READ?MDINI2C

?PR?MHDMI_GETWRITEDONE?MDINI2C                   -----    -----      02A6H    0004H
  +--> ?PR?_MDINI2C_READ?MDINI2C

?PR?MDIN3XX_HARDRESET?MDIN3XX                    -----    -----      -----    -----
  +--> ?PR?MDIN3XX
  +--> ?PR?_MDINI2C_REGWRITE?MDINI2C

?PR?_MDINI2C_REGWRITE?MDINI2C                    -----    -----      027DH    0007H
  +--> ?PR?_MDINI2C_MULTIWRITE?MDINI2C

?PR?_MDINI2C_MULTIWRITE?MDINI2C                  -----    -----      0284H    000CH
  +--> ?PR?_I2C_WRITEBYID?MDINI2C

?PR?_I2C_WRITEBYID?MDINI2C                       -----    -----      0290H    000CH
  +--> ?PR?MDINI2C
  +--> ?PR?_MHOST_I2CWRITE?MDINI2C
  +--> ?PR?_LOCAL_I2CWRITE?MDINI2C
  +--> ?PR?_MHDMI_I2CWRITE?MDINI2C

?PR?_MHOST_I2CWRITE?MDINI2C                      -----    -----      029CH    0007H
  +--> ?PR?MDINI2C
  +--> ?PR?_MDINI2C_SETPAGE?MDINI2C
  +--> ?PR?_MDINI2C_WRITE?MDINI2C

?PR?_MHDMI_I2CWRITE?MDINI2C                      -----    -----      029CH    0007H
  +--> ?PR?MDINI2C
  +--> ?PR?_MDINI2C_SETPAGE?MDINI2C
  +--> ?PR?_MDINI2C_WRITE?MDINI2C

?PR?MDIN3XX_SOFTRESET?MDIN3XX                    -----    -----      -----    -----
  +--> ?PR?MDIN3XX
  +--> ?PR?_MDINI2C_REGFIELD?MDINI2C
  +--> ?PR?_MDINI2C_REGWRITE?MDINI2C

?PR?_MDINI2C_REGFIELD?MDINI2C                    -----    -----      026AH    000DH
  +--> ?PR?_MDINI2C_REGREAD?MDINI2C
  +--> ?PR?_MDINI2C_REGWRITE?MDINI2C

BL51 BANKED LINKER/LOCATER V6.22.4.0                                                  12/22/2023  18:00:44  PAGE 13


?PR?MDIN3XX_ENABLEMAINDISPLAY?MDIN3XX            0021H.6  0000H.1    -----    -----
  +--> ?PR?MDIN3XX
  +--> ?PR?_MDINI2C_REGFIELD?MDINI2C
  +--> ?PR?_MDINDLY_MSEC?MDINDLY

?PR?MDIN3XX_SETMEMORYCONFIG?MDIN3XX              -----    -----      -----    -----
  +--> ?PR?_MDIN3XX_GETDEVICEID?MDIN3XX
  +--> ?PR?MDIN3XX
  +--> ?PR?_MDIN3XX_SETMEMORYPLL?MDIN3XX
  +--> ?PR?_MDINDLY_MSEC?MDINDLY
  +--> ?PR?_MDIN3XX_GETVERSIONID?MDIN3XX
  +--> ?PR?_MDINI2C_REGFIELD?MDINI2C
  +--> ?PR?_MDINI2C_REGWRITE?MDINI2C
  +--> ?PR?_MDINAUX_SETVIDEOPLL?MDINAUX

?PR?_MDIN3XX_GETDEVICEID?MDIN3XX                 -----    -----      -----    -----
  +--> ?PR?MDIN3XX
  +--> ?PR?_MDINI2C_REGREAD?MDINI2C

?PR?_MDIN3XX_SETMEMORYPLL?MDIN3XX                -----    -----      022AH    0006H
  +--> ?PR?MDIN3XX
  +--> ?PR?_MDINI2C_REGFIELD?MDINI2C
  +--> ?PR?_MDINI2C_REGWRITE?MDINI2C

?PR?_MDIN3XX_GETVERSIONID?MDIN3XX                -----    -----      022AH    0003H
  +--> ?PR?MDIN3XX
  +--> ?PR?_MDINI2C_REGREAD?MDINI2C

?PR?_MDINAUX_SETVIDEOPLL?MDINAUX                 -----    -----      0264H    0006H
  +--> ?PR?MDINAUX
  +--> ?PR?_MDINI2C_REGFIELD?MDINI2C

?PR?MDINAUX                                      -----    -----      -----    -----
  +--> ?CO?MDINCOEF

?PR?_MDIN3XX_SETVCLKPLLSOURCE?MDIN3XX            -----    -----      022AH    0001H
  +--> ?PR?MDIN3XX
  +--> ?PR?_MDINI2C_REGWRITE?MDINI2C
  +--> ?PR?MDIN3XX_SOFTRESET?MDIN3XX

?PR?_MDIN3XX_ENABLECLOCKDRIVE?MDIN3XX            0021H.6  0000H.1    022AH    0001H
  +--> ?PR?MDIN3XX
  +--> ?PR?_MDINI2C_REGWRITE?MDINI2C
  +--> ?PR?_MDINI2C_REGFIELD?MDINI2C

?PR?_MDIN3XX_SETINDATAMAPMODE?MDIN3XX            -----    -----      -----    -----
  +--> ?PR?MDIN3XX
  +--> ?PR?_MDINI2C_REGFIELD?MDINI2C

?PR?_MDIN3XX_SETFRONTNRFILTERCOEF?MDI...         -----    -----      022AH    0003H
  +--> ?PR?MDIN3XX
  +--> ?CO?MDINCOEF
  +--> ?PR?_MDINI2C_MULTIWRITE?MDINI2C

?PR?_MDINAUX_SETFRONTNRFILTERCOEF?MDI...         -----    -----      022FH    0003H
  +--> ?CO?MDINCOEF
  +--> ?PR?MDINAUX
BL51 BANKED LINKER/LOCATER V6.22.4.0                                                  12/22/2023  18:00:44  PAGE 14


  +--> ?PR?_MDINI2C_MULTIWRITE?MDINI2C

?PR?_MDIN3XX_SETPEAKINGFILTERCOEF?MDI...         -----    -----      022AH    0003H
  +--> ?PR?MDIN3XX
  +--> ?CO?MDINCOEF
  +--> ?PR?_MDINI2C_MULTIWRITE?MDINI2C

?PR?_MDIN3XX_SETCOLORENFILTERCOEF?MDI...         -----    -----      022AH    0003H
  +--> ?PR?MDIN3XX
  +--> ?CO?MDINCOEF
  +--> ?PR?_MDINI2C_MULTIWRITE?MDINI2C

?PR?_MDIN3XX_SETBLOCKNRFILTERCOEF?MDI...         -----    -----      022AH    0003H
  +--> ?PR?MDIN3XX
  +--> ?CO?MDINCOEF
  +--> ?PR?_MDINI2C_MULTIWRITE?MDINI2C

?PR?_MDIN3XX_SETMOSQUITFILTERCOEF?MDI...         -----    -----      022AH    0003H
  +--> ?PR?MDIN3XX
  +--> ?CO?MDINCOEF
  +--> ?PR?_MDINI2C_MULTIWRITE?MDINI2C

?PR?_MDIN3XX_SETCOLORTONFILTERCOEF?MD...         -----    -----      022AH    0003H
  +--> ?PR?MDIN3XX
  +--> ?CO?MDINCOEF
  +--> ?PR?_MDINI2C_MULTIWRITE?MDINI2C

?PR?MDIN3XX_ENABLELTI?MDIN3XX                    0021H.6  0000H.1    -----    -----
  +--> ?PR?MDIN3XX
  +--> ?PR?_MDINI2C_REGWRITE?MDINI2C

?PR?MDIN3XX_ENABLECTI?MDIN3XX                    0021H.6  0000H.1    -----    -----
  +--> ?PR?MDIN3XX
  +--> ?PR?_MDINI2C_REGWRITE?MDINI2C

?PR?_MDIN3XX_SETPEAKINGFILTERLEVEL?MD...         -----    -----      -----    -----
  +--> ?PR?MDIN3XX
  +--> ?PR?_MDINI2C_REGFIELD?MDINI2C

?PR?MDIN3XX_ENABLEPEAKINGFILTER?MDIN3XX          0021H.6  0000H.1    -----    -----
  +--> ?PR?MDIN3XX
  +--> ?PR?_MDINI2C_REGFIELD?MDINI2C

?PR?MDIN3XX_ENABLECOLORENFILTER?MDIN3XX          0021H.6  0000H.1    -----    -----
  +--> ?PR?MDIN3XX
  +--> ?PR?_MDINI2C_REGFIELD?MDINI2C

?PR?MDIN3XX_ENABLEFRONTNRFILTER?MDIN3XX          0021H.6  0000H.1    -----    -----
  +--> ?PR?MDIN3XX
  +--> ?PR?_MDINI2C_REGFIELD?MDINI2C

?PR?MDIN3XX_ENABLEBWEXTENSION?MDIN3XX            0021H.6  0000H.1    -----    -----
  +--> ?PR?MDIN3XX
  +--> ?PR?_MDINI2C_REGFIELD?MDINI2C

?PR?MDIN3XX_SETIPCBLOCK?MDINIPC                  -----    -----      -----    -----
  +--> ?CO?MDINCOEF
BL51 BANKED LINKER/LOCATER V6.22.4.0                                                  12/22/2023  18:00:44  PAGE 15


  +--> ?PR?_MDINI2C_MULTIWRITE?MDINI2C

?PR?_MDIN3XX_SETMFCHYFILTERCOEF?MDIN3XX          -----    -----      022AH    0006H
  +--> ?PR?_MDIN3XX_SETMFCFILTERCOEF?MDIN3XX

?PR?_MDIN3XX_SETMFCFILTERCOEF?MDIN3XX            -----    -----      0230H    0016H
  +--> ?CO?MDIN3XX
  +--> ?PR?MDIN3XX
  +--> ?PR?_MDINI2C_MULTIWRITE?MDINI2C
  +--> ?PR?MDIN3XX_GETMFCFILTERDONE?MDIN3XX

?PR?_MDIN3XX_SETMFCHCFILTERCOEF?MDIN3XX          -----    -----      022AH    0006H
  +--> ?PR?_MDIN3XX_SETMFCFILTERCOEF?MDIN3XX

?PR?_MDIN3XX_SETMFCVYFILTERCOEF?MDIN3XX          -----    -----      022AH    0006H
  +--> ?PR?_MDIN3XX_SETMFCFILTERCOEF?MDIN3XX

?PR?_MDIN3XX_SETMFCVCFILTERCOEF?MDIN3XX          -----    -----      022AH    0006H
  +--> ?PR?_MDIN3XX_SETMFCFILTERCOEF?MDIN3XX

?PR?_MDINHTX_SETHDMIBLOCK?MDINHTX                -----    -----      022AH    0003H
  +--> ?PR?MDINHTX
  +--> ?PR?_MDINHTX_ENABLEPHYPWR?MDINHTX
  +--> ?PR?_MDINHTX_ENABLEALLPWR?MDINHTX
  +--> ?PR?_MDINI2C_REGWRITE?MDINI2C
  +--> ?PR?_MDINDLY_MSEC?MDINDLY
  +--> ?PR?_MDINI2C_REGFIELD?MDINI2C
  +--> ?PR?_MDINHTX_INITMODEHDMI?MDINHTX

?PR?MDINHTX                                      -----    -----      -----    -----
  +--> ?CO?MDINFRMT

?PR?_MDINHTX_ENABLEPHYPWR?MDINHTX                0021H.6  0000H.1    0245H    0003H
  +--> ?PR?MDINHTX
  +--> ?PR?_MDINI2C_REGFIELD?MDINI2C

?PR?_MDINHTX_ENABLEALLPWR?MDINHTX                0021H.6  0000H.1    022DH    0003H
  +--> ?PR?MDINHTX
  +--> ?PR?_MDINI2C_REGFIELD?MDINI2C

?PR?_MDINHTX_INITMODEHDMI?MDINHTX                -----    -----      0232H    0006H
  +--> ?PR?MDINHTX
  +--> ?PR?MDINHTX_SETMODEHDMI?MDINHTX
  +--> ?PR?_MDINI2C_REGFIELD?MDINI2C
  +--> ?PR?_MDINHTX_SETAUDIOINIT?MDINHTX
  +--> ?PR?_MDINHTX_SETVIDEOPATH?MDINHTX
  +--> ?PR?_MDINHTX_SETAUDIOPATH?MDINHTX
  +--> ?PR?_MDINHTX_SOFTRESET?MDINHTX
  +--> ?PR?_MDINHTX_ENABLEINFOFRMAVI?MDINHTX
  +--> ?PR?_MDINHTX_ENABLEINFOFRMAUD?MDINHTX
  +--> ?PR?_MDINI2C_REGWRITE?MDINI2C
  +--> ?PR?MDINHTX_ENABLECONTROLPKT?MDINHTX

?PR?MDINHTX_SETMODEHDMI?MDINHTX                  0021H.6  0000H.1    -----    -----
  +--> ?PR?MDINHTX
  +--> ?PR?_MDINI2C_REGFIELD?MDINI2C

BL51 BANKED LINKER/LOCATER V6.22.4.0                                                  12/22/2023  18:00:44  PAGE 16


?PR?_MDINHTX_SETAUDIOINIT?MDINHTX                -----    -----      0238H    0003H
  +--> ?PR?MDINHTX
  +--> ?PR?_MDINI2C_REGFIELD?MDINI2C
  +--> ?PR?_MDINHTX_SETSOFTNVAL?MDINHTX

?PR?_MDINHTX_SETSOFTNVAL?MDINHTX                 -----    -----      0242H    0009H
  +--> ?PR?MDINHTX
  +--> ?PR?_MDINI2C_REGREAD?MDINI2C
  +--> ?PR?_MDINI2C_REGFIELD?MDINI2C

?PR?_MDINHTX_SETVIDEOPATH?MDINHTX                -----    -----      0238H    0005H
  +--> ?PR?_MDINHTX_SETVIDEOMODE?MDINHTX
  +--> ?PR?MDINHTX
  +--> ?PR?_MDINHTX_SETCLOCKEDGE?MDINHTX
  +--> ?PR?_MDINHTX_SETDEEPCOLOR?MDINHTX
  +--> ?PR?_MDINI2C_REGREAD?MDINI2C
  +--> ?PR?_MDINHTX_SOFTRESET?MDINHTX
  +--> ?PR?_MDINI2C_REGWRITE?MDINI2C
  +--> ?PR?_MDINI2C_REGFIELD?MDINI2C

?PR?_MDINHTX_SETVIDEOMODE?MDINHTX                -----    -----      023DH    000BH
  +--> ?PR?MDINHTX
  +--> ?CO?MDINFRMT
  +--> ?PR?_MDINI2C_REGFIELD?MDINI2C
  +--> ?PR?_MDINHTX_SET656MODE?MDINHTX

?PR?_MDINHTX_SET656MODE?MDINHTX                  -----    -----      0248H    0003H
  +--> ?CO?MDINFRMT
  +--> ?PR?MDINHTX
  +--> ?PR?_MDINI2C_REGFIELD?MDINI2C
  +--> ?PR?_MDINI2C_REGWRITE?MDINI2C

?PR?_MDINHTX_SETCLOCKEDGE?MDINHTX                0021H.6  0000H.1    -----    -----
  +--> ?PR?MDINHTX
  +--> ?PR?_MDINI2C_REGFIELD?MDINI2C

?PR?_MDINHTX_SETDEEPCOLOR?MDINHTX                0021H.6  0000H.1    -----    -----
  +--> ?PR?MDINHTX
  +--> ?PR?_MDINI2C_REGFIELD?MDINI2C

?PR?_MDINHTX_SOFTRESET?MDINHTX                   -----    -----      0242H    0003H
  +--> ?PR?MDINHTX_ENABLECONTROLPKT?MDINHTX
  +--> ?PR?_MDINHTX_ENABLEPHYPWR?MDINHTX
  +--> ?PR?MDINHTX
  +--> ?PR?_MDINI2C_REGFIELD?MDINI2C
  +--> ?PR?_MDINDLY_MSEC?MDINDLY

?PR?MDINHTX_ENABLECONTROLPKT?MDINHTX             0021H.6  0000H.1    0245H    0002H
  +--> ?PR?MDINHTX
  +--> ?PR?_MDINI2C_REGREAD?MDINI2C
  +--> ?PR?_MDINI2C_REGFIELD?MDINI2C
  +--> ?PR?MDINHTX_GETCONTROLPKTOFF?MDINHTX

?PR?MDINHTX_GETCONTROLPKTOFF?MDINHTX             -----    -----      0247H    0004H
  +--> ?PR?MDINHTX
  +--> ?PR?_MDINI2C_REGREAD?MDINI2C
  +--> ?PR?_MDINDLY_MSEC?MDINDLY
BL51 BANKED LINKER/LOCATER V6.22.4.0                                                  12/22/2023  18:00:44  PAGE 17



?PR?_MDINHTX_SETAUDIOPATH?MDINHTX                -----    -----      0238H    000AH
  +--> ?PR?MDINHTX
  +--> ?PR?_MDINI2C_REGFIELD?MDINI2C
  +--> ?PR?_MDINHTX_SETSOFTNVAL?MDINHTX
  +--> ?PR?_MDINDLY_MSEC?MDINDLY
  +--> ?PR?_MDINI2C_REGWRITE?MDINI2C
  +--> ?PR?_MDINI2C_REGREAD?MDINI2C
  +--> ?PR?_MDINHTX_SOFTRESET?MDINHTX

?PR?_MDINHTX_ENABLEINFOFRMAVI?MDINHTX            0021H.6  0000H.1    0238H    0002H
  +--> ?PR?_MDINHTX_SETINFOFRAMEAVI?MDINHTX
  +--> ?PR?MDINHTX
  +--> ?PR?_MDINI2C_REGFIELD?MDINI2C
  +--> ?PR?_MDINI2C_REGREAD?MDINI2C

?PR?_MDINHTX_SETINFOFRAMEAVI?MDINHTX             0021H.7  0000H.1    023AH    0014H
  +--> ?PR?MDINHTX
  +--> ?PR?_MDINI2C_REGFIELD?MDINI2C
  +--> ?PR?_MDINHTX_GETINFOFRAMEOFF?MDINHTX
  +--> ?PR?_MDINI2C_REGWRITE?MDINI2C
  +--> ?PR?_MDINI2C_MULTIWRITE?MDINI2C

?PR?_MDINHTX_GETINFOFRAMEOFF?MDINHTX             -----    -----      024EH    0005H
  +--> ?PR?MDINHTX
  +--> ?PR?_MDINI2C_REGREAD?MDINI2C
  +--> ?PR?_MDINDLY_MSEC?MDINDLY

?PR?_MDINHTX_ENABLEINFOFRMAUD?MDINHTX            0021H.6  0000H.1    0238H    0002H
  +--> ?PR?_MDINHTX_SETINFOFRAMEAUD?MDINHTX
  +--> ?PR?MDINHTX
  +--> ?PR?_MDINI2C_REGFIELD?MDINI2C
  +--> ?PR?_MDINI2C_REGREAD?MDINI2C

?PR?_MDINHTX_SETINFOFRAMEAUD?MDINHTX             0021H.7  0000H.1    023AH    000FH
  +--> ?PR?MDINHTX
  +--> ?PR?_MDINI2C_REGFIELD?MDINI2C
  +--> ?PR?_MDINHTX_GETINFOFRAMEOFF?MDINHTX
  +--> ?PR?_MDINI2C_REGWRITE?MDINI2C
  +--> ?PR?_MDINI2C_MULTIWRITE?MDINI2C

?PR?_MDIN3XX_SETDEINTINTERWND?MDINIPC            -----    -----      022AH    0004H
  +--> ?PR?MDINIPC
  +--> ?PR?_MDINI2C_REGWRITE?MDINI2C

?PR?_MDIN3XX_ENABLEDEINTINTERWND?MDINIPC         0021H.6  0000H.1    -----    -----
  +--> ?PR?MDINIPC
  +--> ?PR?_MDINI2C_REGWRITE?MDINI2C

?PR?_MDIN3XX_SETSRCTESTPATTERN?MDIN3XX           -----    -----      022AH    0004H
  +--> ?PR?_MDIN3XX_SETSRCVIDEOPATTERN?MDIN3XX
  +--> ?PR?_MDIN3XX_SETSRCVIDEORESTORE?MDIN3XX

?PR?_MDIN3XX_SETSRCVIDEOPATTERN?MDIN3XX          -----    -----      022EH    0005H
  +--> ?PR?MDIN3XX
  +--> ?PR?_MDINI2C_REGFIELD?MDINI2C

BL51 BANKED LINKER/LOCATER V6.22.4.0                                                  12/22/2023  18:00:44  PAGE 18


?PR?_MDIN3XX_SETSRCVIDEORESTORE?MDIN3XX          -----    -----      022EH    0004H
  +--> ?PR?MDIN3XX
  +--> ?PR?_MDINI2C_REGFIELD?MDINI2C
  +--> ?PR?_MDINI2C_REGREAD?MDINI2C

?PR?_DEBUGKEYIN?MAIN                             0021H.6  0000H.2    0223H    0002H
  +--> ?PR?_PUTSP?MAIN
  +--> ?PR?MAIN
  +--> ?PR?STRINGCOMMAND?MAIN
  +--> ?PR?_ASC2BIN?MAIN
  +--> ?CO?MAIN
  +--> ?PR?_PUTS?PRINTF
  +--> ?PR?PROMPT?MAIN
  +--> ?PR?_MONWRITEI2C?MAIN
  +--> ?PR?_DELAY?MAIN
  +--> ?PR?NEWLINE?MAIN
  +--> ?PR?_MONREADI2C?MAIN
  +--> ?PR?_MONTX?TP2825B
  +--> ?PR?_PRINTF?PRINTF
  +--> ?PR?USAGE?MAIN
  +--> ?PR?_RS_TX?MAIN

?PR?_PUTSP?MAIN                                  -----    -----      0225H    0003H
  +--> ?PR?_RS_TX?MAIN

?PR?STRINGCOMMAND?MAIN                           0022H.0  0000H.1    0225H    004BH
  +--> ?PR?MAIN
  +--> ?PR?_ASC2BIN?MAIN
  +--> ?CO?MAIN
  +--> ?PR?_PRINTF?PRINTF
  +--> ?PR?_SET_VIDRES?TP2825B
  +--> ?PR?MENU?TP2825B
  +--> ?PR?UP?TP2825B
  +--> ?PR?DOWN?TP2825B
  +--> ?PR?LEFT?TP2825B
  +--> ?PR?RIGHT?TP2825B
  +--> ?PR?RESET?TP2825B
  +--> ?PR?_PUTS?PRINTF
  +--> ?PR?PROMPT?MAIN

?PR?_ASC2BIN?MAIN                                -----    -----      -----    -----
  +--> ?PR?_ASC1BIN?MAIN

?PR?MENU?TP2825B                                 -----    -----      0270H    0001H
  +--> ?CO?TP2825B
  +--> ?PR?TP2825B
  +--> ?PR?_MONTX?TP2825B

?PR?_MONTX?TP2825B                               -----    -----      0271H    0006H
  +--> ?PR?TP2825B
  +--> ?PR?_TP28XX_BYTE_WRITE?I2C
  +--> ?PR?_TP28XX_BYTE_READ?I2C
  +--> ?PR?_TP2825B_SETRX?TP2825B
  +--> ?PR?_TP2825B_SETTX?TP2825B
  +--> ?PR?_CONVERTDATA?TP2825B
  +--> ?PR?STARTTX?TP2825B

BL51 BANKED LINKER/LOCATER V6.22.4.0                                                  12/22/2023  18:00:44  PAGE 19


?PR?_CONVERTDATA?TP2825B                         -----    -----      0277H    0003H
  +--> ?PR?_TP28XX_BYTE_READ?I2C
  +--> ?PR?TP2825B
  +--> ?PR?_TP28XX_BYTE_WRITE?I2C

?PR?STARTTX?TP2825B                              -----    -----      0277H    0002H
  +--> ?PR?_TP28XX_BYTE_WRITE?I2C
  +--> ?PR?_TP28XX_BYTE_READ?I2C
  +--> ?PR?_DELAY?MAIN

?PR?UP?TP2825B                                   -----    -----      -----    -----
  +--> ?PR?TP2825B
  +--> ?CO?TP2825B
  +--> ?PR?_MONTX?TP2825B

?PR?DOWN?TP2825B                                 -----    -----      -----    -----
  +--> ?PR?TP2825B
  +--> ?CO?TP2825B
  +--> ?PR?_MONTX?TP2825B

?PR?LEFT?TP2825B                                 -----    -----      -----    -----
  +--> ?PR?TP2825B
  +--> ?CO?TP2825B
  +--> ?PR?_MONTX?TP2825B

?PR?RIGHT?TP2825B                                -----    -----      -----    -----
  +--> ?PR?TP2825B
  +--> ?CO?TP2825B
  +--> ?PR?_MONTX?TP2825B

?PR?RESET?TP2825B                                -----    -----      -----    -----
  +--> ?PR?TP2825B
  +--> ?CO?TP2825B
  +--> ?PR?_MONTX?TP2825B

?PR?_MONWRITEI2C?MAIN                            -----    -----      0225H    0003H
  +--> ?CO?MAIN
  +--> ?PR?MAIN
  +--> ?PR?_PRINTF?PRINTF
  +--> ?PR?_I2C_BYTE_WRITE?I2C

?PR?_MONREADI2C?MAIN                             -----    -----      0225H    0003H
  +--> ?PR?_I2C_BYTE_READ?I2C
  +--> ?CO?MAIN
  +--> ?PR?MAIN
  +--> ?PR?_PRINTF?PRINTF

?PR?EQ_DETECT?TP2825B                            -----    -----      0223H    0005H
  +--> ?PR?TP2825B
  +--> ?PR?TP2825BEVK_SWITCH_VIN?TP2825B
  +--> ?PR?TP2850EVK_SWITCH_VIN?TP2825B
  +--> ?PR?TP2825B_RESET_DEFAULT?TP2825B
  +--> ?CO?TP2825B
  +--> ?PR?_PRINTF?PRINTF
  +--> ?PR?_TP28XX_BYTE_READ?I2C
  +--> ?PR?_SET_VIDRES?TP2825B
  +--> ?PR?_TP28XX_BYTE_WRITE?I2C
BL51 BANKED LINKER/LOCATER V6.22.4.0                                                  12/22/2023  18:00:44  PAGE 20


  +--> ?PR?CREATEMDIN340VIDEOINSTANCE?APP340
  +--> ?PR?_ABS?ABS

?PR?READUTC?TP2825B                              -----    -----      -----    -----
  +--> ?PR?_TP28XX_BYTE_READ?I2C
  +--> ?CO?TP2825B
  +--> ?PR?_PRINTF?PRINTF
  +--> ?PR?_TP28XX_BYTE_WRITE?I2C

?PR?MDIN340?APP340                               -----    -----      -----    -----
  +--> ?PR?MDIN3XX_ENABLEMAINDISPLAY?MDIN3XX
  +--> ?PR?APP340
  +--> ?PR?_MDIN3XX_VIDEOPROCESS?MDIN3XX
  +--> ?PR?_MDINHTX_CTRLHANDLER?MDINHTX

?PR?_MDIN3XX_VIDEOPROCESS?MDIN3XX                -----    -----      0223H    0003H
  +--> ?PR?MDIN3XX
  +--> ?PR?_MDIN3XX_ENABLEWRITEFRMB?MDIN3XX
  +--> ?PR?_MDIN3XX_SETSRCCLOCKPATH?MDIN3XX
  +--> ?PR?_MDIN3XX_SETSRCVIDEOPORT?MDIN3XX
  +--> ?PR?_MDIN3XX_SETSRCVIDEOFRMT?MDIN3XX
  +--> ?PR?_MDIN3XX_SETOUTVIDEOFRMT?MDIN3XX
  +--> ?PR?_MDIN3XX_SETSRCVIDEOCSC?MDIN3XX
  +--> ?PR?_MDIN3XX_SETOUTVIDEOCSC?MDIN3XX
  +--> ?PR?_MDIN3XX_SETOUTVIDEODAC?MDIN3XX
  +--> ?PR?_MDIN3XX_SETOUTVIDEOSYNC?MDIN3XX
  +--> ?PR?_MDIN3XX_SETMFCSCALEWIND?MDIN3XX
  +--> ?PR?_MDIN3XX_SETMFCSCALECTRL?MDIN3XX
  +--> ?PR?_MDIN3XX_SET10BITPROCESS?MDIN3XX
  +--> ?PR?_MDIN3XX_SETFFCNRPROCESS?MDIN3XX
  +--> ?PR?_MDIN3XX_SETIPCCTRLFLAGS?MDIN3XX
  +--> ?PR?_MDINAUX_VIDEOPROCESS?MDINAUX
  +--> ?PR?_MDIN3XX_SETFRAMEBUFFER?MDIN3XX
  +--> ?PR?_MDIN3XX_SETDEINTERCTRL?MDIN3XX
  +--> ?PR?_MDINHTX_VIDEOPROCESS?MDINHTX
  +--> ?PR?_MDIN3XX_RESETOUTSYNC?MDIN3XX

?PR?_MDIN3XX_ENABLEWRITEFRMB?MDIN3XX             0021H.6  0000H.2    0226H    0003H
  +--> ?PR?MDIN3XX
  +--> ?PR?_MDINI2C_REGFIELD?MDINI2C
  +--> ?PR?_MDINDLY_MSEC?MDINDLY

?PR?_MDIN3XX_SETSRCCLOCKPATH?MDIN3XX             0021H.6  0000H.3    0226H    0009H
  +--> ?PR?MDIN3XX
  +--> ?PR?_MDINI2C_REGFIELD?MDINI2C

?PR?_MDIN3XX_SETSRCVIDEOPORT?MDIN3XX             -----    -----      0226H    000AH
  +--> ?CO?MDINFRMT
  +--> ?PR?MDIN3XX
  +--> ?PR?_MDINI2C_REGFIELD?MDINI2C
  +--> ?PR?_MDINI2C_REGWRITE?MDINI2C

?PR?_MDIN3XX_SETSRCVIDEOFRMT?MDIN3XX             -----    -----      0226H    0006H
  +--> ?PR?MDIN3XX
  +--> ?PR?_MDINI2C_REGFIELD?MDINI2C

?PR?_MDIN3XX_SETOUTVIDEOFRMT?MDIN3XX             -----    -----      0226H    0008H
BL51 BANKED LINKER/LOCATER V6.22.4.0                                                  12/22/2023  18:00:44  PAGE 21


  +--> ?CO?MDINFRMT
  +--> ?PR?MDIN3XX
  +--> ?PR?_MDINI2C_REGFIELD?MDINI2C
  +--> ?PR?_MDINI2C_REGWRITE?MDINI2C

?PR?_MDIN3XX_SETSRCVIDEOCSC?MDIN3XX              -----    -----      0226H    002CH
  +--> ?PR?MDIN3XX
  +--> ?CO?MDINCOEF
  +--> ?PR?_MDINI2C_MULTIWRITE?MDINI2C

?PR?_MDIN3XX_SETOUTVIDEOCSC?MDIN3XX              -----    -----      0226H    0052H
  +--> ?PR?MDIN3XX
  +--> ?CO?MDINCOEF
  +--> ?PR?_MDINI2C_MULTIWRITE?MDINI2C

?PR?_MDIN3XX_SETOUTVIDEODAC?MDIN3XX              -----    -----      0226H    0003H

?PR?_MDIN3XX_SETOUTVIDEOSYNC?MDIN3XX             -----    -----      0226H    003CH
  +--> ?PR?MDIN3XX
  +--> ?CO?MDINFRMT
  +--> ?PR?_MDINI2C_MULTIWRITE?MDINI2C
  +--> ?PR?_MDINI2C_REGFIELD?MDINI2C
  +--> ?PR?_MDINI2C_REGWRITE?MDINI2C
  +--> ?PR?_MDIN3XX_SETVIDEOPLL?MDIN3XX

?PR?_MDIN3XX_SETVIDEOPLL?MDIN3XX                 -----    -----      0262H    0006H
  +--> ?PR?MDIN3XX
  +--> ?PR?_MDINI2C_REGFIELD?MDINI2C
  +--> ?PR?_MDINI2C_REGWRITE?MDINI2C

?PR?_MDIN3XX_SETMFCSCALEWIND?MDIN3XX             -----    -----      0226H    0010H
  +--> ?PR?MDIN3XX
  +--> ?PR?_MDIN3XX_ISCROP?MDIN3XX
  +--> ?PR?_MDIN3XX_ISVIEW?MDIN3XX
  +--> ?PR?_MDIN3XX_ISFFCSIZE?MDIN3XX
  +--> ?PR?_MDIN3XX_ISZOOM?MDIN3XX
  +--> ?PR?_MDINI2C_REGFIELD?MDINI2C
  +--> ?PR?_MDINI2C_REGWRITE?MDINI2C
  +--> ?PR?_MDINI2C_MULTIWRITE?MDINI2C

?PR?_MDIN3XX_ISFFCSIZE?MDIN3XX                   -----    -----      0236H    0006H
  +--> ?PR?MDIN3XX

?PR?_MDIN3XX_SETMFCSCALECTRL?MDIN3XX             -----    -----      0226H    0008H
  +--> ?PR?MDIN3XX
  +--> ?PR?_MDINI2C_REGFIELD?MDINI2C
  +--> ?PR?_MDIN3XX_SETMFCFILTERCOEF?MDIN3XX

?PR?_MDIN3XX_SET10BITPROCESS?MDIN3XX             -----    -----      0226H    0009H
  +--> ?PR?MDIN3XX
  +--> ?PR?_MDINI2C_REGFIELD?MDINI2C

?PR?_MDIN3XX_SETFFCNRPROCESS?MDIN3XX             -----    -----      0226H    0002H
  +--> ?PR?MDIN3XX
  +--> ?CO?MDINCOEF
  +--> ?PR?_MDIN3XX_SETFRONTNRFILTERCOEF?MDI...
  +--> ?PR?MDIN3XX_ENABLEFRONTNRFILTER?MDIN3XX
BL51 BANKED LINKER/LOCATER V6.22.4.0                                                  12/22/2023  18:00:44  PAGE 22



?PR?_MDIN3XX_SETIPCCTRLFLAGS?MDIN3XX             -----    -----      0226H    000FH
  +--> ?PR?MDIN3XX

?PR?_MDINAUX_VIDEOPROCESS?MDINAUX                -----    -----      0226H    0003H
  +--> ?PR?MDINAUX
  +--> ?PR?_MDINAUX_SETSRCVIDEOFRMT?MDINAUX
  +--> ?PR?_MDINAUX_SETOUTVIDEOFRMT?MDINAUX
  +--> ?PR?_MDINAUX_SETSRCVIDEOCSC?MDINAUX
  +--> ?PR?_MDINAUX_SETOUTVIDEOCSC?MDINAUX
  +--> ?PR?_MDINAUX_SETOUTVIDEOSYNC?MDINAUX
  +--> ?PR?_MDINAUX_SETMFCSCALEWIND?MDINAUX
  +--> ?PR?_MDINAUX_SETMFCSCALECTRL?MDINAUX
  +--> ?PR?_MDINAUX_SETAUXVIDEOCLK?MDINAUX
  +--> ?PR?_MDINAUX_SETFFCNRPROCESS?MDINAUX

?PR?_MDINAUX_SETSRCVIDEOFRMT?MDINAUX             -----    -----      0229H    000AH
  +--> ?PR?MDINAUX
  +--> ?PR?_MDINI2C_REGWRITE?MDINI2C

?PR?_MDINAUX_SETOUTVIDEOFRMT?MDINAUX             -----    -----      0229H    0008H
  +--> ?CO?MDINFRMT
  +--> ?PR?MDINAUX
  +--> ?PR?_MDINI2C_REGWRITE?MDINI2C

?PR?_MDINAUX_SETSRCVIDEOCSC?MDINAUX              -----    -----      0229H    002CH
  +--> ?PR?MDINAUX
  +--> ?CO?MDINCOEF
  +--> ?PR?_MDINI2C_MULTIWRITE?MDINI2C
  +--> ?PR?_MDINI2C_REGWRITE?MDINI2C

?PR?_MDINAUX_SETOUTVIDEOCSC?MDINAUX              -----    -----      0229H    0054H
  +--> ?PR?MDINAUX
  +--> ?CO?MDINCOEF
  +--> ?PR?_MDINI2C_MULTIWRITE?MDINI2C
  +--> ?PR?_MDINI2C_REGWRITE?MDINI2C

?PR?_MDINAUX_SETOUTVIDEOSYNC?MDINAUX             -----    -----      0229H    003BH
  +--> ?CO?MDINFRMT
  +--> ?PR?MDINAUX
  +--> ?PR?_MDINI2C_MULTIWRITE?MDINI2C
  +--> ?PR?_MDINI2C_REGFIELD?MDINI2C
  +--> ?PR?_MDINI2C_REGWRITE?MDINI2C
  +--> ?PR?_MDINAUX_SETVIDEOPLL?MDINAUX

?PR?_MDINAUX_SETMFCSCALEWIND?MDINAUX             -----    -----      0229H    000CH
  +--> ?PR?MDINAUX
  +--> ?PR?_MDINAUX_ISCROP?MDINAUX
  +--> ?PR?_MDINAUX_ISVIEW?MDINAUX
  +--> ?PR?_MDINAUX_ISZOOM?MDINAUX
  +--> ?PR?_MDINI2C_REGWRITE?MDINI2C

?PR?_MDINAUX_SETMFCSCALECTRL?MDINAUX             -----    -----      0229H    000EH
  +--> ?PR?MDINAUX
  +--> ?PR?_MDINI2C_REGFIELD?MDINI2C

?PR?_MDINAUX_SETAUXVIDEOCLK?MDINAUX              -----    -----      0229H    000CH
BL51 BANKED LINKER/LOCATER V6.22.4.0                                                  12/22/2023  18:00:44  PAGE 23


  +--> ?PR?MDINAUX
  +--> ?PR?_MDINI2C_REGFIELD?MDINI2C

?PR?_MDINAUX_SETFFCNRPROCESS?MDINAUX             -----    -----      0229H    0006H
  +--> ?PR?MDINAUX
  +--> ?PR?_MDINAUX_SETFRONTNRFILTERCOEF?MDI...
  +--> ?PR?_MDINAUX_ENABLEFRONTNRFILTER?MDINAUX

?PR?_MDINAUX_ENABLEFRONTNRFILTER?MDINAUX         0021H.6  0000H.1    022FH    0003H
  +--> ?PR?MDINAUX
  +--> ?PR?_MDINI2C_REGFIELD?MDINI2C

?PR?_MDIN3XX_SETFRAMEBUFFER?MDIN3XX              -----    -----      0226H    0015H
  +--> ?PR?MDIN3XX
  +--> ?PR?_MDINI2C_REGFIELD?MDINI2C
  +--> ?PR?_MDINI2C_REGWRITE?MDINI2C
  +--> ?PR?_MDIN3XX_SETMEMORYMAP?MDIN3XX

?PR?_MDIN3XX_SETMEMORYMAP?MDIN3XX                -----    -----      023BH    001BH
  +--> ?PR?MDIN3XX
  +--> ?PR?_MDINI2C_REGWRITE?MDINI2C

?PR?_MDIN3XX_SETDEINTERCTRL?MDIN3XX              -----    -----      0226H    000CH
  +--> ?PR?MDIN3XX
  +--> ?PR?_MDINI2C_REGFIELD?MDINI2C
  +--> ?PR?_MDINI2C_REGWRITE?MDINI2C
  +--> ?PR?_MDIN3XX_SETDEINTMODE?MDINIPC
  +--> ?PR?_MDIN3XX_SETDEINTFILM?MDINIPC
  +--> ?PR?_MDIN3XX_SETDEINT3DNRGAIN?MDINIPC
  +--> ?PR?_MDIN3XX_ENABLEDEINT3DNR?MDINIPC
  +--> ?PR?_MDIN3XX_ENABLEDEINTCCS?MDINIPC
  +--> ?PR?_MDIN3XX_ENABLEDEINTCUE?MDINIPC

?PR?_MDIN3XX_SETDEINTMODE?MDINIPC                -----    -----      0232H    0001H
  +--> ?PR?MDINIPC
  +--> ?PR?_MDINI2C_REGFIELD?MDINI2C

?PR?_MDIN3XX_SETDEINTFILM?MDINIPC                -----    -----      0232H    0004H
  +--> ?PR?MDINIPC
  +--> ?PR?_MDINI2C_REGFIELD?MDINI2C

?PR?_MDIN3XX_SETDEINT3DNRGAIN?MDINIPC            -----    -----      0232H    000BH
  +--> ?PR?MDINIPC
  +--> ?PR?_MDINI2C_REGFIELD?MDINI2C
  +--> ?PR?MDIN3XX_SETDEINTULTRANR?MDINIPC

?PR?MDIN3XX_SETDEINTULTRANR?MDINIPC              0021H.7  0000H.1    023FH    0002H
  +--> ?PR?MDINIPC
  +--> ?PR?_MDINI2C_REGREAD?MDINI2C
  +--> ?PR?_MDINI2C_REGFIELD?MDINI2C

?PR?_MDIN3XX_ENABLEDEINT3DNR?MDINIPC             0021H.6  0000H.1    0232H    000DH
  +--> ?PR?MDINIPC
  +--> ?PR?_MDINI2C_REGFIELD?MDINI2C
  +--> ?PR?_MDIN3XX_SCALEDOWNPROGNR?MDINIPC
  +--> ?PR?MDIN3XX_SETDEINTULTRANR?MDINIPC

BL51 BANKED LINKER/LOCATER V6.22.4.0                                                  12/22/2023  18:00:44  PAGE 24


?PR?_MDIN3XX_SCALEDOWNPROGNR?MDINIPC             0021H.7  0000H.1    023FH    000BH
  +--> ?PR?MDINIPC
  +--> ?PR?_MDINI2C_REGWRITE?MDINI2C
  +--> ?PR?_MDINDLY_MSEC?MDINDLY
  +--> ?PR?_MDINI2C_REGFIELD?MDINI2C

?PR?_MDIN3XX_ENABLEDEINTCCS?MDINIPC              0021H.6  0000H.2    0232H    0003H
  +--> ?PR?MDINIPC
  +--> ?PR?_MDINI2C_REGFIELD?MDINI2C

?PR?_MDIN3XX_ENABLEDEINTCUE?MDINIPC              0021H.6  0000H.1    0232H    0005H
  +--> ?PR?MDINIPC
  +--> ?PR?_MDINI2C_REGREAD?MDINI2C
  +--> ?PR?_MDINI2C_REGFIELD?MDINI2C

?PR?_MDINHTX_VIDEOPROCESS?MDINHTX                -----    -----      0229H    0003H
  +--> ?PR?MDINHTX
  +--> ?PR?_MDINHTX_SETVIDEOPATH?MDINHTX
  +--> ?PR?_MDINHTX_SOFTRESET?MDINHTX
  +--> ?PR?_MDINHTX_ENABLEINFOFRMAVI?MDINHTX
  +--> ?PR?_MDINHTX_ENABLEINFOFRMAUD?MDINHTX

?PR?_MDIN3XX_RESETOUTSYNC?MDIN3XX                -----    -----      0226H    0002H
  +--> ?PR?MDIN3XX
  +--> ?PR?_MDINI2C_REGFIELD?MDINI2C

?PR?_MDINHTX_CTRLHANDLER?MDINHTX                 -----    -----      0223H    0006H
  +--> ?PR?_MDINHTX_IRQHANDLER?MDINHTX
  +--> ?PR?MDINHTX
  +--> ?PR?_MDINHTX_HPDHANDLER?MDINHTX
  +--> ?PR?_MDINHTX_PWRHANDLER?MDINHTX
  +--> ?PR?_MDINHTX_SHOWSTATUSID?MDINHTX
  +--> ?PR?_MDINHTX_GETPARSEEDID?MDINHTX
  +--> ?PR?_MDINHTX_VIDEOPROCESS?MDINHTX
  +--> ?PR?_MDINHTX_SETAUTOFORMAT?MDINHTX
  +--> ?PR?_MDINHTX_SETOUTPUTMODE?MDINHTX
  +--> ?PR?_MDINHTX_TIMEOUTHANDLER?MDINHTX

?PR?_MDINHTX_IRQHANDLER?MDINHTX                  -----    -----      0229H    0009H
  +--> ?PR?MDINHTX
  +--> ?PR?_MDINI2C_REGREAD?MDINI2C
  +--> ?PR?_MDINI2C_MULTIREAD?MDINI2C
  +--> ?PR?_MDINI2C_MULTIWRITE?MDINI2C

?PR?_MDINHTX_HPDHANDLER?MDINHTX                  -----    -----      0229H    0005H
  +--> ?PR?MDINHTX
  +--> ?PR?_MDINI2C_REGREAD?MDINI2C

?PR?_MDINHTX_PWRHANDLER?MDINHTX                  -----    -----      -----    -----
  +--> ?PR?MDINHTX
  +--> ?PR?_MDINI2C_REGFIELD?MDINI2C

?PR?_MDINHTX_SHOWSTATUSID?MDINHTX                -----    -----      0229H    0003H

?PR?_MDINHTX_GETPARSEEDID?MDINHTX                -----    -----      0229H    0009H
  +--> ?PR?MDINHTX
  +--> ?PR?_MDINHTX_PARSEEDID?MDINHTX
BL51 BANKED LINKER/LOCATER V6.22.4.0                                                  12/22/2023  18:00:44  PAGE 25



?PR?_MDINHTX_PARSEEDID?MDINHTX                   -----    -----      0232H    0006H
  +--> ?PR?MDINHTX
  +--> ?PR?_MDINHTX_BASICPARSE?MDINHTX
  +--> ?PR?_MDINHTX_SETNATIVEFRMTBYDTD?MDINHTX
  +--> ?PR?_MDINHTX_READEDID?MDINHTX
  +--> ?PR?_MDINHTX_CHECK2NDCRC?MDINHTX
  +--> ?PR?_MDINHTX_CHECKHDMISIGNATURE?MDINHTX
  +--> ?PR?_MDINHTX_SETNATIVEMODEBY861B?MDINHTX
  +--> ?PR?_MDINHTX_SETNATIVEFRMTBYVID?MDINHTX
  +--> ?PR?_MDINI2C_REGFIELD?MDINI2C
  +--> ?PR?_MDINHTX_CHECK1STCRC?MDINHTX

?PR?_MDINHTX_BASICPARSE?MDINHTX                  -----    -----      0238H    0003H
  +--> ?PR?_MDINHTX_PARSEHEADER?MDINHTX
  +--> ?PR?MDINHTX
  +--> ?PR?_MDINHTX_CHECK1STCRC?MDINHTX

?PR?_MDINHTX_PARSEHEADER?MDINHTX                 -----    -----      023BH    000BH
  +--> ?PR?MDINHTX
  +--> ?PR?_MDINHTX_READEDID?MDINHTX

?PR?_MDINHTX_READEDID?MDINHTX                    -----    -----      024EH    0013H
  +--> ?PR?MDINHTX
  +--> ?PR?_MDINI2C_REGREAD?MDINI2C
  +--> ?PR?_MDINHTX_READMDDC?MDINHTX

?PR?_MDINHTX_READMDDC?MDINHTX                    -----    -----      0261H    0004H
  +--> ?PR?MDINHTX_GETMDDCPROCDONE?MDINHTX
  +--> ?PR?MDINHTX
  +--> ?PR?_MDINI2C_REGWRITE?MDINI2C
  +--> ?PR?_MDINHTX_SETMDDCCMD?MDINHTX
  +--> ?PR?_MDINHTX_GETMDDCBUFF?MDINHTX
  +--> ?PR?MDINHTX_GETMDDCSTATUS?MDINHTX

?PR?MDINHTX_GETMDDCPROCDONE?MDINHTX              -----    -----      0265H    0004H
  +--> ?PR?MDINHTX
  +--> ?PR?_MDINI2C_REGREAD?MDINI2C
  +--> ?PR?_MDINDLY_10USEC?MDINDLY

?PR?_MDINHTX_SETMDDCCMD?MDINHTX                  -----    -----      0265H    0003H
  +--> ?PR?MDINHTX
  +--> ?PR?_MDINI2C_MULTIWRITE?MDINI2C
  +--> ?PR?_MDINI2C_REGWRITE?MDINI2C

?PR?_MDINHTX_GETMDDCBUFF?MDINHTX                 -----    -----      0265H    0007H
  +--> ?PR?MDINHTX
  +--> ?PR?_MDINI2C_REGREAD?MDINI2C

?PR?MDINHTX_GETMDDCSTATUS?MDINHTX                -----    -----      0265H    0002H
  +--> ?PR?MDINHTX
  +--> ?PR?_MDINI2C_REGREAD?MDINI2C
  +--> ?PR?_MDINI2C_REGWRITE?MDINI2C

?PR?_MDINHTX_CHECK1STCRC?MDINHTX                 -----    -----      023BH    0003H
  +--> ?PR?_MDINHTX_CHECKCRC?MDINHTX
  +--> ?PR?_MDINHTX_PARSEVERSION?MDINHTX
BL51 BANKED LINKER/LOCATER V6.22.4.0                                                  12/22/2023  18:00:44  PAGE 26



?PR?_MDINHTX_CHECKCRC?MDINHTX                    -----    -----      023EH    000BH
  +--> ?PR?MDINHTX
  +--> ?PR?_MDINHTX_READEDID?MDINHTX

?PR?_MDINHTX_PARSEVERSION?MDINHTX                -----    -----      023EH    0005H
  +--> ?PR?MDINHTX
  +--> ?PR?_MDINHTX_READEDID?MDINHTX

?PR?_MDINHTX_SETNATIVEFRMTBYDTD?MDINHTX          -----    -----      0238H    0016H
  +--> ?PR?MDINHTX
  +--> ?PR?_MDINHTX_READEDID?MDINHTX
  +--> ?CO?MDINFRMT

?PR?_MDINHTX_CHECK2NDCRC?MDINHTX                 -----    -----      0238H    0003H
  +--> ?PR?_MDINHTX_CHECKCRC?MDINHTX
  +--> ?PR?_MDINHTX_PARSEVERSION?MDINHTX

?PR?_MDINHTX_CHECKHDMISIGNATURE?MDINHTX          -----    -----      0238H    0007H
  +--> ?PR?MDINHTX
  +--> ?PR?_MDINHTX_GETVENDORADDR?MDINHTX
  +--> ?PR?_MDINHTX_READEDID?MDINHTX

?PR?_MDINHTX_GETVENDORADDR?MDINHTX               -----    -----      023FH    0007H
  +--> ?PR?MDINHTX
  +--> ?PR?_MDINHTX_READEDID?MDINHTX

?PR?_MDINHTX_SETNATIVEMODEBY861B?MDINHTX         -----    -----      0238H    0004H
  +--> ?PR?MDINHTX
  +--> ?PR?_MDINHTX_READEDID?MDINHTX

?PR?_MDINHTX_SETNATIVEFRMTBYVID?MDINHTX          -----    -----      0238H    0007H
  +--> ?PR?MDINHTX
  +--> ?PR?_MDINHTX_READEDID?MDINHTX

?PR?_MDINHTX_SETAUTOFORMAT?MDINHTX               -----    -----      0229H    0006H
  +--> ?PR?MDINHTX
  +--> ?CO?MDINFRMT

?PR?_MDINHTX_SETOUTPUTMODE?MDINHTX               -----    -----      022CH    0006H
  +--> ?PR?MDINHTX
  +--> ?PR?MDINHTX_ISMODEHDMI?MDINHTX
  +--> ?PR?_MDINHTX_INITMODEHDMI?MDINHTX
  +--> ?PR?_MDINHTX_INITMODEDVI?MDINHTX

?PR?_MDINHTX_INITMODEDVI?MDINHTX                 -----    -----      0232H    0003H
  +--> ?PR?MDINHTX
  +--> ?PR?MDINHTX_SETMODEHDMI?MDINHTX
  +--> ?PR?_MDINI2C_REGFIELD?MDINI2C
  +--> ?PR?_MDINHTX_SOFTRESET?MDINHTX
  +--> ?PR?_MDINHTX_SETVIDEOPATH?MDINHTX
  +--> ?PR?_MDINHTX_SETAUDIOPATH?MDINHTX
  +--> ?PR?_MDINI2C_REGWRITE?MDINI2C

?PR?_MDINHTX_TIMEOUTHANDLER?MDINHTX              -----    -----      0229H    0003H
  +--> ?PR?MDINHTX
  +--> ?PR?_MDINHTX_SETOUTPUTMODE?MDINHTX
BL51 BANKED LINKER/LOCATER V6.22.4.0                                                  12/22/2023  18:00:44  PAGE 27





SYMBOL TABLE OF MODULE:  .\obj\TP2850_2825B (I2C)

  VALUE           TYPE          NAME
  ----------------------------------

  -------         MODULE        I2C
  C:0000H         SYMBOL        _ICE_DUMMY_
  D:00C6H         PUBLIC        I2CBUF
  C:E899H         PUBLIC        _ReadI2C16
  C:EB98H         PUBLIC        _WriteI2C16
  C:EE57H         PUBLIC        _delay1
  D:00C4H         PUBLIC        I2CSA
  C:EEF2H         PUBLIC        _I2C_byte_read
  D:00C5H         PUBLIC        I2CCR
  C:004EH         PUBLIC        _tp28xx_byte_read
  C:EF2CH         PUBLIC        _I2C_byte_write
  C:EF8FH         PUBLIC        _tp28xx_byte_write
  C:EFDFH         SYMBOL        Com000E
  C:EFDFH         SYMBOL        L?0015
  C:EFDFH         SYMBOL        L?0016
  -------         PROC          COM000E
  -------         ENDPROC       COM000E
  C:EE4CH         SYMBOL        L?0012
  C:EE53H         SYMBOL        L?0013
  -------         PROC          L?0011
  -------         ENDPROC       L?0011
  C:EE4CH         SYMBOL        L?0012
  C:EE53H         SYMBOL        L?0013
  -------         PROC          _DELAY1
  D:0006H         SYMBOL        del
  C:EE57H         LINE#         22
  C:EE57H         LINE#         23
  C:EE57H         LINE#         24
  C:EE61H         LINE#         25
  -------         ENDPROC       _DELAY1
  -------         PROC          _I2C_BYTE_READ
  D:0003H         SYMBOL        addr
  D:0005H         SYMBOL        index
  -------         DO            
  D:0007H         SYMBOL        val
  -------         ENDDO         
  C:EEF2H         LINE#         40
  C:EEF4H         LINE#         41
  C:EEF4H         LINE#         54
  C:EEF6H         LINE#         55
  C:EEF6H         LINE#         56
  C:EEF6H         LINE#         57
  C:EEF9H         LINE#         59
  C:EEFEH         LINE#         60
  C:EF01H         LINE#         61
  C:EF04H         LINE#         62
  C:EF06H         LINE#         63
  C:EF06H         LINE#         64
  -------         ENDPROC       _I2C_BYTE_READ
BL51 BANKED LINKER/LOCATER V6.22.4.0                                                  12/22/2023  18:00:44  PAGE 28


  -------         PROC          _I2C_BYTE_WRITE
  D:0007H         SYMBOL        addr
  D:0005H         SYMBOL        index
  D:0003H         SYMBOL        val
  C:EF2CH         LINE#         66
  C:EF2CH         LINE#         67
  C:EF2CH         LINE#         76
  C:EF2CH         LINE#         77
  C:EF2CH         LINE#         78
  C:EF2CH         LINE#         79
  C:EF2FH         LINE#         81
  C:EF33H         LINE#         82
  C:EF36H         LINE#         83
  -------         ENDPROC       _I2C_BYTE_WRITE
  -------         PROC          _TP28XX_BYTE_READ
  D:0006H         SYMBOL        index
  C:004EH         LINE#         87
  C:0050H         LINE#         88
  C:0050H         LINE#         103
  -------         ENDPROC       _TP28XX_BYTE_READ
  -------         PROC          _TP28XX_BYTE_WRITE
  D:0005H         SYMBOL        index
  D:0006H         SYMBOL        val
  C:EF8FH         LINE#         107
  C:EF93H         LINE#         108
  C:EF93H         LINE#         117
  -------         ENDPROC       _TP28XX_BYTE_WRITE
  -------         PROC          _WRITEI2C16
  D:0007H         SYMBOL        addr
  D:0005H         SYMBOL        indexH
  D:0003H         SYMBOL        indexL
  X:0302H         SYMBOL        valH
  X:0303H         SYMBOL        valL
  C:EB98H         LINE#         120
  C:EB98H         LINE#         121
  C:EB98H         LINE#         131
  C:EB98H         LINE#         132
  C:EB98H         LINE#         133
  C:EB98H         LINE#         134
  C:EB9BH         LINE#         136
  C:EB9FH         LINE#         137
  C:EBA2H         LINE#         138
  C:EBA5H         LINE#         140
  C:EBABH         LINE#         141
  C:EBAEH         LINE#         142
  C:EBB1H         LINE#         143
  C:EBB5H         LINE#         144
  C:EBB8H         LINE#         145
  -------         ENDPROC       _WRITEI2C16
  -------         PROC          _READI2C16
  D:0002H         SYMBOL        addr
  D:0005H         SYMBOL        indexH
  D:0003H         SYMBOL        indexL
  -------         DO            
  D:0002H         SYMBOL        val
  -------         ENDDO         
  C:E899H         LINE#         148
BL51 BANKED LINKER/LOCATER V6.22.4.0                                                  12/22/2023  18:00:44  PAGE 29


  C:E89BH         LINE#         149
  C:E89BH         LINE#         163
  C:E89DH         LINE#         164
  C:E89DH         LINE#         165
  C:E89DH         LINE#         166
  C:E8A0H         LINE#         168
  C:E8A4H         LINE#         169
  C:E8A7H         LINE#         170
  C:E8AAH         LINE#         172
  C:E8AFH         LINE#         173
  C:E8B2H         LINE#         174
  C:E8B5H         LINE#         175
  C:E8BBH         LINE#         176
  C:E8BEH         LINE#         177
  C:E8C1H         LINE#         178
  C:E8C3H         LINE#         179
  C:E8C5H         LINE#         180
  -------         ENDPROC       _READI2C16
  -------         ENDMOD        I2C

  -------         MODULE        MAIN
  C:0000H         SYMBOL        _ICE_DUMMY_
  X:016AH         PUBLIC        TVII2CAddress
  C:EC0DH         PUBLIC        _PutsP
  C:E269H         PUBLIC        InitCPU
  C:EC33H         PUBLIC        Main_Initialize
  C:D3E8H         PUBLIC        timer0_int
  D:00A0H         PUBLIC        P2
  C:EF80H         PUBLIC        uart0_init
  C:EF70H         PUBLIC        Prompt
  B:00A8H.7       PUBLIC        EA
  B:0020H.1       PUBLIC        en_tvi960p_H1400
  B:0020H.2       PUBLIC        timeout
  D:00A8H         PUBLIC        IE
  C:D970H         PUBLIC        InitRegisterSet
  B:0020H.3       PUBLIC        MaskEcho
  C:EF3DH         PUBLIC        _delay
  B:00A0H.0       PUBLIC        P2_0
  C:EFCFH         PUBLIC        tp2801_int5
  B:0020H.4       PUBLIC        MDIN_debug
  B:0020H.5       PUBLIC        BT1120_out
  X:016BH         PUBLIC        I2CAddressDeb
  B:00B0H.4       PUBLIC        P3_4
  B:00A8H.4       PUBLIC        ES
  B:00B0H.6       PUBLIC        P3_6
  D:00B8H         PUBLIC        IP
  B:00B0H.7       PUBLIC        P3_7
  B:0098H.0       PUBLIC        RI
  C:EE31H         PUBLIC        InitReset
  B:0098H.1       PUBLIC        TI
  C:EF1AH         PUBLIC        RS_ready
  X:016CH         PUBLIC        tic01
  B:0020H.6       PUBLIC        BYDtest
  B:0020H.7       PUBLIC        RS_Xbusy
  X:016DH         PUBLIC        tic02
  B:0021H.0       PUBLIC        en_960P
  C:E80FH         PUBLIC        main
BL51 BANKED LINKER/LOCATER V6.22.4.0                                                  12/22/2023  18:00:44  PAGE 30


  C:0006H         PUBLIC        int0_int
  X:016EH         SYMBOL        argn
  X:016FH         PUBLIC        tic_rs485
  C:EFC7H         PUBLIC        i2c_int
  D:0091H         PUBLIC        EXIF
  C:EF9DH         PUBLIC        _wait_5ms
  C:E003H         PUBLIC        serial_int
  D:0099H         PUBLIC        SBUF
  D:0087H         PUBLIC        PCON
  B:0021H.1       PUBLIC        g_uart0_flag
  D:0098H         PUBLIC        SCON
  D:0089H         PUBLIC        TMOD
  D:0088H         PUBLIC        TCON
  X:0170H         PUBLIC        AddressOffset
  C:EFB5H         PUBLIC        NewLine
  X:0171H         SYMBOL        bptr
  C:0016H         PUBLIC        timer_init
  X:0172H         SYMBOL        arg
  B:0021H.2       PUBLIC        I2CInitialBlocking
  C:6EBFH         PUBLIC        StringCommand
  C:DF20H         PUBLIC        _I2CDeviceSet
  X:017AH         PUBLIC        tm01
  X:017CH         SYMBOL        RS_buf
  X:0202H         PUBLIC        tm02
  X:0203H         PUBLIC        mS_timer
  B:00A8H.1       PUBLIC        ET0
  B:0088H.5       PUBLIC        TF0
  C:E57BH         PUBLIC        SW_Sel_Resolution
  D:008CH         PUBLIC        TH0
  C:6B90H         PUBLIC        _DebugKeyIn
  B:00A8H.0       PUBLIC        EX0
  D:008DH         PUBLIC        TH1
  D:008AH         PUBLIC        TL0
  X:0204H         SYMBOL        commdbuf
  B:0088H.6       PUBLIC        TR1
  X:0218H         SYMBOL        RS_in
  X:0219H         PUBLIC        StoreArg1
  X:021AH         PUBLIC        StoreArg2
  X:021BH         SYMBOL        RS_out
  D:00C7H         PUBLIC        I2CTP
  C:E50DH         PUBLIC        _Asc1Bin
  C:E7E1H         PUBLIC        _Asc2Bin
  B:0021H.3       PUBLIC        DetAutoRes
  B:0021H.4       PUBLIC        DetAutoStd
  C:E45EH         PUBLIC        _MonReadI2C
  X:021CH         SYMBOL        commdptr
  X:021DH         PUBLIC        ManVidRes
  X:021EH         PUBLIC        ManSelCh
  X:021FH         PUBLIC        ManVidStd
  C:EDC1H         PUBLIC        RS_rx
  C:EFD7H         PUBLIC        _RS_tx
  C:DED2H         PUBLIC        Usage
  C:E7B3H         PUBLIC        _MonWriteI2C
  X:0220H         PUBLIC        IsChannel
  C:000EH         PUBLIC        EX1_int
  B:0021H.5       PUBLIC        half_scaler
  C:C8B5H         SYMBOL        Com00D4
BL51 BANKED LINKER/LOCATER V6.22.4.0                                                  12/22/2023  18:00:44  PAGE 31


  C:C8B5H         SYMBOL        L?0213
  C:C8B5H         SYMBOL        L?0214
  C:C8B8H         SYMBOL        L?0215
  C:C8C4H         SYMBOL        L?0216
  C:C8C4H         SYMBOL        L?0217
  C:C8C8H         SYMBOL        L?0218
  C:C8CAH         SYMBOL        L?0219
  C:C8D2H         SYMBOL        L?0220
  C:C8D6H         SYMBOL        L?0221
  C:C8D8H         SYMBOL        L?0222
  C:C8D9H         SYMBOL        L?0223
  C:C8E2H         SYMBOL        L?0224
  C:C8E7H         SYMBOL        L?0225
  C:C8F2H         SYMBOL        L?0226
  C:C8F9H         SYMBOL        L?0227
  C:C900H         SYMBOL        L?0228
  C:C918H         SYMBOL        L?0230
  C:C918H         SYMBOL        L?0231
  C:C91FH         SYMBOL        L?0232
  C:C921H         SYMBOL        L?0233
  C:C92BH         SYMBOL        L?0234
  C:C92FH         SYMBOL        L?0235
  C:C937H         SYMBOL        L?0236
  C:C93EH         SYMBOL        L?0237
  C:C949H         SYMBOL        L?0238
  -------         PROC          COM00D4
  -------         ENDPROC       COM00D4
  -------         PROC          INT0_INT
  C:0006H         LINE#         90
  C:0006H         LINE#         92
  C:0008H         LINE#         95
  C:000AH         LINE#         97
  -------         ENDPROC       INT0_INT
  -------         PROC          TIMER0_INT
  C:D3E8H         LINE#         103
  C:D3F7H         LINE#         105
  C:D3F9H         LINE#         107
  C:D403H         LINE#         108
  C:D409H         LINE#         109
  C:D40FH         LINE#         114
  C:D41EH         LINE#         117
  C:D422H         LINE#         118
  C:D428H         LINE#         119
  C:D42CH         LINE#         120
  C:D42CH         LINE#         121
  C:D42EH         LINE#         122
  C:D430H         LINE#         124
  C:D430H         LINE#         125
  C:D432H         LINE#         126
  C:D432H         LINE#         127
  C:D432H         LINE#         128
  C:D43BH         LINE#         129
  C:D43BH         LINE#         130
  C:D43DH         LINE#         131
  C:D443H         LINE#         132
[...]
  C:C421H         LINE#         1470
  C:C42BH         LINE#         1471
  C:C42BH         LINE#         1473
  C:C42BH         LINE#         1475
  C:C42BH         LINE#         1476
  C:C431H         LINE#         1477
  C:C431H         LINE#         1478
  C:C442H         LINE#         1480
  C:C44BH         LINE#         1482
  C:C454H         LINE#         1484
  C:C46FH         LINE#         1487
  C:C475H         LINE#         1488
  C:C475H         LINE#         1489
  C:C478H         LINE#         1490
  C:C47AH         LINE#         1492
  C:C47AH         LINE#         1493
  C:C47DH         LINE#         1494
  C:C47DH         LINE#         1495
  C:C47FH         LINE#         1498
  C:C484H         LINE#         1499
  C:C489H         LINE#         1500
  C:C494H         LINE#         1501
  C:C49FH         LINE#         1503
  C:C4A8H         LINE#         1504
  C:C4A8H         LINE#         1505
  C:C4B0H         LINE#         1506
  C:C4B2H         LINE#         1508
  C:C4B2H         LINE#         1509
  C:C4BDH         LINE#         1511
  C:C4BDH         LINE#         1513
  C:C4C0H         LINE#         1515
  -------         ENDPROC       INIT_TP_REGSET
  -------         PROC          _CONVERTDATA
  X:0277H         SYMBOL        dat
  X:0278H         SYMBOL        reg
  -------         DO            
  X:0279H         SYMBOL        i
  -------         ENDDO         
  C:C1FDH         LINE#         1519
  C:C205H         LINE#         1520
BL51 BANKED LINKER/LOCATER V6.22.4.0                                                  12/22/2023  18:00:44  PAGE 145


  C:C205H         LINE#         1523
  C:C20FH         LINE#         1525
  C:C223H         LINE#         1526
  C:C223H         LINE#         1527
  C:C227H         LINE#         1528
  C:C227H         LINE#         1529
  C:C227H         LINE#         1531
  C:C235H         LINE#         1532
  C:C243H         LINE#         1534
  C:C246H         LINE#         1535
  C:C24EH         LINE#         1536
  C:C24EH         LINE#         1538
  C:C24EH         LINE#         1539
  C:C253H         LINE#         1540
  C:C253H         LINE#         1541
  C:C253H         LINE#         1543
  C:C261H         LINE#         1544
  C:C26FH         LINE#         1546
  C:C272H         LINE#         1547
  C:C278H         LINE#         1548
  C:C278H         LINE#         1554
  C:C28BH         LINE#         1555
  C:C2A3H         LINE#         1556
  -------         ENDPROC       _CONVERTDATA
  -------         PROC          STARTTX
  -------         DO            
  X:0277H         SYMBOL        tmp
  X:0278H         SYMBOL        i
  -------         ENDDO         
  C:DFB8H         LINE#         1561
  C:DFB8H         LINE#         1562
  C:DFB8H         LINE#         1565
  C:DFBFH         LINE#         1567
  C:DFC9H         LINE#         1568
  C:DFCDH         LINE#         1569
  C:DFD2H         LINE#         1570
  C:DFDAH         LINE#         1571
  C:DFDFH         LINE#         1573
  C:DFE4H         LINE#         1574
  C:DFE4H         LINE#         1575
  C:DFEEH         LINE#         1576
  C:DFF1H         LINE#         1577
  C:DFF6H         LINE#         1578
  C:E002H         LINE#         1579
  -------         ENDPROC       STARTTX
  -------         PROC          _BURSTTX
  X:0313H         SYMBOL        buf
  C:EFF3H         LINE#         1586
  -------         ENDPROC       _BURSTTX
  -------         PROC          _TP2825B_SETRX
  X:0277H         SYMBOL        index
  -------         DO            
  X:0278H         SYMBOL        i
  C:1371H         SYMBOL        PTZ_dat
  -------         ENDDO         
  C:D524H         LINE#         1626
  C:D529H         LINE#         1627
BL51 BANKED LINKER/LOCATER V6.22.4.0                                                  12/22/2023  18:00:44  PAGE 146


  C:D529H         LINE#         1651
  C:D531H         LINE#         1652
  C:D53BH         LINE#         1653
  C:D54AH         LINE#         1654
  C:D54AH         LINE#         1655
  C:D55DH         LINE#         1656
  C:D565H         LINE#         1657
  C:D579H         LINE#         1658
  -------         ENDPROC       _TP2825B_SETRX
  C:A05BH         SYMBOL        L?0428
  -------         PROC          _MONTX
  X:0271H         SYMBOL        cmd
  X:0272H         SYMBOL        data1
  X:0273H         SYMBOL        data2
  X:0274H         SYMBOL        data3
  X:0275H         SYMBOL        data4
  -------         DO            
  X:0276H         SYMBOL        i
  D:0005H         SYMBOL        sum
  D:0007H         SYMBOL        tmp
  -------         ENDDO         
  C:9EDEH         LINE#         1750
  C:9EE9H         LINE#         1751
  C:9EE9H         LINE#         1756
  C:9EF8H         LINE#         1757
  C:9EF8H         LINE#         1758
  C:9EFDH         LINE#         1759
  C:9F05H         LINE#         1761
  C:9F1DH         LINE#         1762
  C:9F25H         LINE#         1763
  C:9F25H         LINE#         1764
  C:9F29H         LINE#         1765
  C:9F2FH         LINE#         1766
  C:9F33H         LINE#         1767
  C:9F36H         LINE#         1768
  C:9F39H         LINE#         1769
  C:9F3CH         LINE#         1770
  C:9F3FH         LINE#         1771
  C:9F42H         LINE#         1772
  C:9F44H         LINE#         1774
  C:9F44H         LINE#         1775
  C:9F48H         LINE#         1776
  C:9F4FH         LINE#         1777
  C:9F55H         LINE#         1778
  C:9F59H         LINE#         1779
  C:9F5EH         LINE#         1780
  C:9F66H         LINE#         1782
  C:9F6CH         LINE#         1783
  C:9F74H         LINE#         1784
  C:9F7CH         LINE#         1785
  C:9F84H         LINE#         1786
  C:9F89H         LINE#         1787
  C:9F89H         LINE#         1789
  C:9F8DH         LINE#         1790
  C:9F8DH         LINE#         1791
  C:9F9FH         LINE#         1792
  C:9F9FH         LINE#         1793
BL51 BANKED LINKER/LOCATER V6.22.4.0                                                  12/22/2023  18:00:44  PAGE 147


  C:9FA9H         LINE#         1794
  C:9FB1H         LINE#         1798
  C:9FB1H         LINE#         1799
  C:9FB8H         LINE#         1800
  C:9FB8H         LINE#         1802
  C:9FBDH         LINE#         1803
  C:9FC1H         LINE#         1804
  C:9FC1H         LINE#         1805
  C:9FC6H         LINE#         1806
  C:9FC8H         LINE#         1807
  C:9FCAH         LINE#         1809
  C:9FCAH         LINE#         1810
  C:9FCFH         LINE#         1811
  C:9FD4H         LINE#         1812
  C:9FD4H         LINE#         1814
  C:9FE4H         LINE#         1815
  C:9FE4H         LINE#         1816
  C:9FE9H         LINE#         1817
  C:9FEEH         LINE#         1818
  C:9FEEH         LINE#         1820
  C:9FF8H         LINE#         1821
  C:A002H         LINE#         1822
  C:A00CH         LINE#         1823
  C:A016H         LINE#         1824
  C:A018H         LINE#         1826
  C:A018H         LINE#         1827
  C:A028H         LINE#         1828
  C:A028H         LINE#         1829
  C:A02DH         LINE#         1830
  C:A02FH         LINE#         1831
  C:A031H         LINE#         1833
  C:A031H         LINE#         1834
  C:A036H         LINE#         1835
  C:A03BH         LINE#         1836
  C:A03BH         LINE#         1837
  C:A040H         LINE#         1838
  C:A040H         LINE#         1839
  C:A047H         LINE#         1840
  C:A04DH         LINE#         1841
  C:A058H         LINE#         1843
  C:A058H         LINE#         1845
  C:A05BH         LINE#         1846
  -------         ENDPROC       _MONTX
  C:D650H         SYMBOL        L?0456
  -------         PROC          _TP2825B_SETTX
  X:0277H         SYMBOL        index
  -------         DO            
  X:0278H         SYMBOL        i
  C:13F9H         SYMBOL        PTZ_dat
  C:1453H         SYMBOL        PTZ_reg
  -------         ENDDO         
  C:D5F4H         LINE#         1850
  C:D5F9H         LINE#         1851
  C:D5F9H         LINE#         1872
  C:D600H         LINE#         1873
  C:D60AH         LINE#         1875
  C:D619H         LINE#         1876
BL51 BANKED LINKER/LOCATER V6.22.4.0                                                  12/22/2023  18:00:44  PAGE 148


  C:D619H         LINE#         1877
  C:D630H         LINE#         1878
  C:D635H         LINE#         1879
  C:D644H         LINE#         1880
  C:D644H         LINE#         1881
  C:D64AH         LINE#         1882
  C:D64FH         LINE#         1884
  -------         ENDPROC       _TP2825B_SETTX
  -------         PROC          MENU
  -------         DO            
  X:0270H         SYMBOL        i
  C:145DH         SYMBOL        menu
  -------         ENDDO         
  C:DE82H         LINE#         1886
  C:DE82H         LINE#         1887
  C:DE82H         LINE#         1896
  C:DE8BH         LINE#         1898
  C:DEB9H         LINE#         1899
  C:DED1H         LINE#         1900
  -------         ENDPROC       MENU
  -------         PROC          LEFT
  -------         DO            
  D:0006H         SYMBOL        i
  C:1469H         SYMBOL        menu
  -------         ENDDO         
  C:ECEBH         LINE#         1901
  C:ECEBH         LINE#         1902
  C:ECEBH         LINE#         1910
  C:ECEBH         LINE#         1911
  -------         ENDPROC       LEFT
  -------         PROC          RIGHT
  -------         DO            
  D:0006H         SYMBOL        i
  C:1472H         SYMBOL        menu
  -------         ENDDO         
  C:ED0FH         LINE#         1913
  C:ED0FH         LINE#         1914
  C:ED0FH         LINE#         1922
  C:ED0FH         LINE#         1923
  -------         ENDPROC       RIGHT
  -------         PROC          UP
  -------         DO            
  D:0006H         SYMBOL        i
  C:147BH         SYMBOL        menu
  -------         ENDDO         
  C:ED33H         LINE#         1925
  C:ED33H         LINE#         1926
  C:ED33H         LINE#         1934
  C:ED33H         LINE#         1935
  -------         ENDPROC       UP
  -------         PROC          DOWN
  -------         DO            
  D:0006H         SYMBOL        i
  C:1484H         SYMBOL        menu
  -------         ENDDO         
  C:ED57H         LINE#         1937
  C:ED57H         LINE#         1938
BL51 BANKED LINKER/LOCATER V6.22.4.0                                                  12/22/2023  18:00:44  PAGE 149


  C:ED57H         LINE#         1946
  C:ED57H         LINE#         1947
  -------         ENDPROC       DOWN
  -------         PROC          RESET
  -------         DO            
  D:0006H         SYMBOL        i
  C:148DH         SYMBOL        menu
  -------         ENDDO         
  C:ED7BH         LINE#         1949
  C:ED7BH         LINE#         1950
  C:ED7BH         LINE#         1958
  C:ED7BH         LINE#         1959
  -------         ENDPROC       RESET
  C:BFA8H         SYMBOL        L?0440
  -------         PROC          READUTC
  -------         DO            
  D:0007H         SYMBOL        tmp
  -------         ENDDO         
  C:BEEBH         LINE#         1962
  C:BEEBH         LINE#         1963
  C:BEEBH         LINE#         1965
  C:BEF6H         LINE#         1966
  C:BEF6H         LINE#         1967
  C:BEFBH         LINE#         1968
  C:BF02H         LINE#         1969
  C:BF02H         LINE#         1971
  C:BF4CH         LINE#         1972
  C:BF51H         LINE#         1974
  C:BFA0H         LINE#         1975
  C:BFA7H         LINE#         1976
  C:BFA7H         LINE#         1977
  C:BFA7H         LINE#         1978
  -------         ENDPROC       READUTC
  -------         ENDMOD        TP2825B

  -------         MODULE        ?C?FPMUL
  C:005EH         PUBLIC        ?C?FPMUL
  -------         ENDMOD        ?C?FPMUL

  -------         MODULE        ?C?FPDIV
  C:0167H         PUBLIC        ?C?FPDIV
  -------         ENDMOD        ?C?FPDIV

  -------         MODULE        ?C?FCAST
  C:020EH         PUBLIC        ?C?FCASTC
  C:0209H         PUBLIC        ?C?FCASTI
  C:0204H         PUBLIC        ?C?FCASTL
  -------         ENDMOD        ?C?FCAST

  -------         MODULE        ?C?CASTF
  C:0242H         PUBLIC        ?C?CASTF
  -------         ENDMOD        ?C?CASTF

  -------         MODULE        ?C?COPY
  C:0393H         PUBLIC        ?C?COPY
  -------         ENDMOD        ?C?COPY

BL51 BANKED LINKER/LOCATER V6.22.4.0                                                  12/22/2023  18:00:44  PAGE 150


  -------         MODULE        ?C?CLDPTR
  C:03B9H         PUBLIC        ?C?CLDPTR
  -------         ENDMOD        ?C?CLDPTR

  -------         MODULE        ?C?CLDOPTR
  C:03D2H         PUBLIC        ?C?CLDOPTR
  -------         ENDMOD        ?C?CLDOPTR

  -------         MODULE        ?C?CSTPTR
  C:03FFH         PUBLIC        ?C?CSTPTR
  -------         ENDMOD        ?C?CSTPTR

  -------         MODULE        ?C?CSTOPTR
  C:0411H         PUBLIC        ?C?CSTOPTR
  -------         ENDMOD        ?C?CSTOPTR

  -------         MODULE        ?C?IMUL
  C:0433H         PUBLIC        ?C?IMUL
  -------         ENDMOD        ?C?IMUL

  -------         MODULE        ?C?UIDIV
  C:0445H         PUBLIC        ?C?UIDIV
  -------         ENDMOD        ?C?UIDIV

  -------         MODULE        ?C?SIDIV
  C:049AH         PUBLIC        ?C?SIDIV
  -------         ENDMOD        ?C?SIDIV

  -------         MODULE        ?C?IILDX
  C:04D0H         PUBLIC        ?C?IILDX
  -------         ENDMOD        ?C?IILDX

  -------         MODULE        ?C?ILDPTR
  C:04E6H         PUBLIC        ?C?ILDPTR
  -------         ENDMOD        ?C?ILDPTR

  -------         MODULE        ?C?ILDOPTR
  C:0511H         PUBLIC        ?C?ILDOPTR
  -------         ENDMOD        ?C?ILDOPTR

  -------         MODULE        ?C?IILDOPTR
  C:0549H         PUBLIC        ?C?IILDOPTR
  -------         ENDMOD        ?C?IILDOPTR

  -------         MODULE        ?C?ISTPTR
  C:0596H         PUBLIC        ?C?ISTPTR
  -------         ENDMOD        ?C?ISTPTR

  -------         MODULE        ?C?ISTOPTR
  C:05B5H         PUBLIC        ?C?ISTOPTR
  -------         ENDMOD        ?C?ISTOPTR

  -------         MODULE        ?C?LADD
  C:05E2H         PUBLIC        ?C?LADD
  -------         ENDMOD        ?C?LADD

  -------         MODULE        ?C?LSUB
BL51 BANKED LINKER/LOCATER V6.22.4.0                                                  12/22/2023  18:00:44  PAGE 151


  C:05EFH         PUBLIC        ?C?LSUB
  -------         ENDMOD        ?C?LSUB

  -------         MODULE        ?C?LMUL
  C:05FDH         PUBLIC        ?C?LMUL
  -------         ENDMOD        ?C?LMUL

  -------         MODULE        ?C?ULDIV
  C:0688H         PUBLIC        ?C?ULDIV
  -------         ENDMOD        ?C?ULDIV

  -------         MODULE        ?C?LNEG
  C:071AH         PUBLIC        ?C?LNEG
  -------         ENDMOD        ?C?LNEG

  -------         MODULE        ?C?SLCMP
  C:0728H         PUBLIC        ?C?SLCMP
  -------         ENDMOD        ?C?SLCMP

  -------         MODULE        ?C?ULCMP
  C:073EH         PUBLIC        ?C?ULCMP
  -------         ENDMOD        ?C?ULCMP

  -------         MODULE        ?C?ULSHR
  C:074FH         PUBLIC        ?C?ULSHR
  -------         ENDMOD        ?C?ULSHR

  -------         MODULE        ?C?SLSHR
  C:0762H         PUBLIC        ?C?SLSHR
  -------         ENDMOD        ?C?SLSHR

  -------         MODULE        ?C?LSHL
  C:0776H         PUBLIC        ?C?LSHL
  -------         ENDMOD        ?C?LSHL

  -------         MODULE        ?C?LLDPTR
  C:0789H         PUBLIC        ?C?LLDPTR
  -------         ENDMOD        ?C?LLDPTR

  -------         MODULE        ?C?LLDXDATA
  C:07A9H         PUBLIC        ?C?LLDXDATA
  -------         ENDMOD        ?C?LLDXDATA

  -------         MODULE        ?C?LLDXDATA0
  C:07B5H         PUBLIC        ?C?LLDXDATA0
  -------         ENDMOD        ?C?LLDXDATA0

  -------         MODULE        ?C?LSTXDATA
  C:07C1H         PUBLIC        ?C?LSTXDATA
  -------         ENDMOD        ?C?LSTXDATA

  -------         MODULE        ?C?LSTKXDATA
  C:07CDH         PUBLIC        ?C?LSTKXDATA
  -------         ENDMOD        ?C?LSTKXDATA

  -------         MODULE        ?C?OFFXADD
  C:07FEH         PUBLIC        ?C?OFFXADD
BL51 BANKED LINKER/LOCATER V6.22.4.0                                                  12/22/2023  18:00:44  PAGE 152


  -------         ENDMOD        ?C?OFFXADD

  -------         MODULE        ?C?PLDXDATA
  C:080AH         PUBLIC        ?C?PLDXDATA
  -------         ENDMOD        ?C?PLDXDATA

  -------         MODULE        ?C?PLDIXDATA
  C:0813H         PUBLIC        ?C?PLDIXDATA
  -------         ENDMOD        ?C?PLDIXDATA

  -------         MODULE        ?C?PSTXDATA
  C:082AH         PUBLIC        ?C?PSTXDATA
  -------         ENDMOD        ?C?PSTXDATA

  -------         MODULE        ?C?PLDPTR
  C:0833H         PUBLIC        ?C?PLDPTR
  -------         ENDMOD        ?C?PLDPTR

  -------         MODULE        ?C?PLDOPTR
  C:0853H         PUBLIC        ?C?PLDOPTR
  -------         ENDMOD        ?C?PLDOPTR

  -------         MODULE        ?C?PSTOPTR
  C:0883H         PUBLIC        ?C?PSTOPTR
  -------         ENDMOD        ?C?PSTOPTR

  -------         MODULE        ?C?CCASE
  C:08DCH         PUBLIC        ?C?CCASE
  -------         ENDMOD        ?C?CCASE

  -------         MODULE        ABS
  C:EFA9H         PUBLIC        _ABS
  -------         ENDMOD        ABS

  -------         MODULE        ?C?STRCMP
  C:0A80H         PUBLIC        ?C?STRCMP
  -------         ENDMOD        ?C?STRCMP

  -------         MODULE        ?C?MEMSET
  C:0A9DH         PUBLIC        ?C?MEMSET
  -------         ENDMOD        ?C?MEMSET

  -------         MODULE        ?C?LLDIDATA
  C:0AC9H         PUBLIC        ?C?LLDIDATA
  -------         ENDMOD        ?C?LLDIDATA

  -------         MODULE        ?C?LLDPDATA
  C:0AD5H         PUBLIC        ?C?LLDPDATA
  -------         ENDMOD        ?C?LLDPDATA

  -------         MODULE        ?C?LLDCODE
  C:0AE1H         PUBLIC        ?C?LLDCODE
  -------         ENDMOD        ?C?LLDCODE

  -------         MODULE        ?C?PLDIDATA
  C:0AF1H         PUBLIC        ?C?PLDIDATA
  -------         ENDMOD        ?C?PLDIDATA
BL51 BANKED LINKER/LOCATER V6.22.4.0                                                  12/22/2023  18:00:44  PAGE 153



  -------         MODULE        ?C?PSTIDATA
  C:0AFAH         PUBLIC        ?C?PSTIDATA
  -------         ENDMOD        ?C?PSTIDATA

  -------         MODULE        ?C?PLDPDATA
  C:0B03H         PUBLIC        ?C?PLDPDATA
  -------         ENDMOD        ?C?PLDPDATA

  -------         MODULE        ?C?PSTPDATA
  C:0B0CH         PUBLIC        ?C?PSTPDATA
  -------         ENDMOD        ?C?PSTPDATA

  -------         MODULE        ?C?PLDCODE
  C:0B15H         PUBLIC        ?C?PLDCODE
  -------         ENDMOD        ?C?PLDCODE

*** WARNING L16: UNCALLED SEGMENT, IGNORED FOR OVERLAY PROCESS
    SEGMENT: ?PR?_WRITEI2C16?I2C

*** WARNING L16: UNCALLED SEGMENT, IGNORED FOR OVERLAY PROCESS
    SEGMENT: ?PR?_READI2C16?I2C

*** WARNING L16: UNCALLED SEGMENT, IGNORED FOR OVERLAY PROCESS
    SEGMENT: ?PR?TIMER_INIT?MAIN

*** WARNING L16: UNCALLED SEGMENT, IGNORED FOR OVERLAY PROCESS
    SEGMENT: ?PR?UART0_INIT?MAIN

*** WARNING L16: UNCALLED SEGMENT, IGNORED FOR OVERLAY PROCESS
    SEGMENT: ?PR?_MDIN3XX_SETSCALEPROCESS?MDIN3XX

*** WARNING L16: UNCALLED SEGMENT, IGNORED FOR OVERLAY PROCESS
    SEGMENT: ?PR?_MDIN3XX_SETOUTTESTPATTERN?MDIN3XX

*** WARNING L16: UNCALLED SEGMENT, IGNORED FOR OVERLAY PROCESS
    SEGMENT: ?PR?_CRC16_CCITT?CRC16

*** WARNING L16: UNCALLED SEGMENT, IGNORED FOR OVERLAY PROCESS
    SEGMENT: ?PR?TP2860_SYSCLK_A720P?TP2825B

*** WARNING L16: UNCALLED SEGMENT, IGNORED FOR OVERLAY PROCESS
    SEGMENT: ?PR?_BURSTTX?TP2825B

Program Size: data=21.0 xdata=791 code=61435
LINK/LOCATE RUN COMPLETE.  9 WARNING(S),  0 ERROR(S)
